Archive member included to satisfy reference by file (symbol)

/usr/local/gcc-arm-none-eabi-5_2-2015q4/bin/../lib/gcc/arm-none-eabi/5.2.1/../../../../arm-none-eabi/lib/armv6-m/libc_nano.a(lib_a-exit.o)
                              /usr/local/gcc-arm-none-eabi-5_2-2015q4/bin/../lib/gcc/arm-none-eabi/5.2.1/../../../../arm-none-eabi/lib/armv6-m/crt0.o (exit)
/usr/local/gcc-arm-none-eabi-5_2-2015q4/bin/../lib/gcc/arm-none-eabi/5.2.1/../../../../arm-none-eabi/lib/armv6-m/libc_nano.a(lib_a-impure.o)
                              /usr/local/gcc-arm-none-eabi-5_2-2015q4/bin/../lib/gcc/arm-none-eabi/5.2.1/../../../../arm-none-eabi/lib/armv6-m/libc_nano.a(lib_a-exit.o) (_global_impure_ptr)
/usr/local/gcc-arm-none-eabi-5_2-2015q4/bin/../lib/gcc/arm-none-eabi/5.2.1/../../../../arm-none-eabi/lib/armv6-m/libc_nano.a(lib_a-init.o)
                              /usr/local/gcc-arm-none-eabi-5_2-2015q4/bin/../lib/gcc/arm-none-eabi/5.2.1/../../../../arm-none-eabi/lib/armv6-m/crt0.o (__libc_init_array)
/usr/local/gcc-arm-none-eabi-5_2-2015q4/bin/../lib/gcc/arm-none-eabi/5.2.1/../../../../arm-none-eabi/lib/armv6-m/libc_nano.a(lib_a-memset.o)
                              /usr/local/gcc-arm-none-eabi-5_2-2015q4/bin/../lib/gcc/arm-none-eabi/5.2.1/../../../../arm-none-eabi/lib/armv6-m/crt0.o (memset)
/usr/local/gcc-arm-none-eabi-5_2-2015q4/bin/../lib/gcc/arm-none-eabi/5.2.1/../../../../arm-none-eabi/lib/armv6-m/libnosys.a(_exit.o)
                              /usr/local/gcc-arm-none-eabi-5_2-2015q4/bin/../lib/gcc/arm-none-eabi/5.2.1/../../../../arm-none-eabi/lib/armv6-m/libc_nano.a(lib_a-exit.o) (_exit)
external/lwip/lib/liblwip.a(init.o)
                              _build/main.o (lwip_init)
external/lwip/lib/liblwip.a(netif.o)
                              external/lwip/lib/liblwip.a(init.o) (netif_init)
external/lwip/lib/liblwip.a(pbuf.o)
                              _build/nrf_platform_port.o (pbuf_alloc)
external/lwip/lib/liblwip.a(tcp.o)
                              external/lwip/lib/liblwip.a(init.o) (tcp_init)
external/lwip/lib/liblwip.a(tcp_in.o)
                              external/lwip/lib/liblwip.a(tcp.o) (tcp_input_pcb)
external/lwip/lib/liblwip.a(tcp_out.o)
                              external/lwip/lib/liblwip.a(tcp.o) (tcp_send_fin)
external/lwip/lib/liblwip.a(timers.o)
                              external/lwip/lib/liblwip.a(tcp.o) (tcp_timer_needed)
external/lwip/lib/liblwip.a(udp.o)
                              external/lwip/lib/liblwip.a(init.o) (udp_init)
external/lwip/lib/liblwip.a(icmp.o)
                              external/lwip/lib/liblwip.a(udp.o) (icmp_dest_unreach)
external/lwip/lib/liblwip.a(ip4.o)
                              external/lwip/lib/liblwip.a(tcp.o) (ip_route)
external/lwip/lib/liblwip.a(ip4_addr.o)
                              external/lwip/lib/liblwip.a(tcp_in.o) (ip4_addr_isbroadcast)
external/lwip/lib/liblwip.a(icmp6.o)
                              external/lwip/lib/liblwip.a(udp.o) (icmp6_dest_unreach)
external/lwip/lib/liblwip.a(ip6.o)
                              external/lwip/lib/liblwip.a(tcp.o) (ip6_route)
external/lwip/lib/liblwip.a(ip6_addr.o)
                              external/lwip/lib/liblwip.a(ip6.o) (ip6_addr_any)
external/lwip/lib/liblwip.a(mld6.o)
                              external/lwip/lib/liblwip.a(netif.o) (mld6_stop)
external/lwip/lib/liblwip.a(nd6.o)
                              external/lwip/lib/liblwip.a(icmp6.o) (nd6_input)
external/lwip/lib/liblwip.a(def.o)
                              external/lwip/lib/liblwip.a(tcp_in.o) (lwip_htons)
external/lwip/lib/liblwip.a(inet_chksum.o)
                              external/lwip/lib/liblwip.a(tcp_in.o) (inet_chksum_pseudo)
external/lwip/lib/liblwip.a(memp.o)
                              external/lwip/lib/liblwip.a(pbuf.o) (memp_sizes)
components/iot/ble_6lowpan/lib/ble_6lowpan.a(ble_6lowpan.o)
                              _build/nrf_platform_port.o (ble_6lowpan_init)
components/iot/ble_6lowpan/lib/ble_6lowpan.a(ble_ipsp.o)
                              _build/main.o (ble_ipsp_evt_handler)
/usr/local/gcc-arm-none-eabi-5_2-2015q4/bin/../lib/gcc/arm-none-eabi/5.2.1/armv6-m/libgcc.a(_udivsi3.o)
                              external/lwip/lib/liblwip.a(tcp.o) (__aeabi_uidiv)
/usr/local/gcc-arm-none-eabi-5_2-2015q4/bin/../lib/gcc/arm-none-eabi/5.2.1/armv6-m/libgcc.a(_divsi3.o)
                              external/lwip/lib/liblwip.a(tcp_in.o) (__aeabi_idiv)
/usr/local/gcc-arm-none-eabi-5_2-2015q4/bin/../lib/gcc/arm-none-eabi/5.2.1/armv6-m/libgcc.a(_dvmd_tls.o)
                              /usr/local/gcc-arm-none-eabi-5_2-2015q4/bin/../lib/gcc/arm-none-eabi/5.2.1/armv6-m/libgcc.a(_udivsi3.o) (__aeabi_idiv0)
/usr/local/gcc-arm-none-eabi-5_2-2015q4/bin/../lib/gcc/arm-none-eabi/5.2.1/../../../../arm-none-eabi/lib/armv6-m/libc_nano.a(lib_a-memcmp.o)
                              _build/iot_context_manager.o (memcmp)
[...]
Memory Configuration

Name             Origin             Length             Attributes
FLASH            0x00018000         0x00028000         xr
RAM              0x20002000         0x00006000         xrw
*default*        0x00000000         0xffffffff

Linker script and memory map

LOAD /usr/local/gcc-arm-none-eabi-5_2-2015q4/bin/../lib/gcc/arm-none-eabi/5.2.1/armv6-m/crti.o
LOAD /usr/local/gcc-arm-none-eabi-5_2-2015q4/bin/../lib/gcc/arm-none-eabi/5.2.1/armv6-m/crtbegin.o
LOAD /usr/local/gcc-arm-none-eabi-5_2-2015q4/bin/../lib/gcc/arm-none-eabi/5.2.1/../../../../arm-none-eabi/lib/armv6-m/crt0.o
LOAD /usr/local/gcc-arm-none-eabi-5_2-2015q4/bin/../lib/gcc/arm-none-eabi/5.2.1/../../../../arm-none-eabi/lib/armv6-m/libc_nano.a
LOAD /usr/local/gcc-arm-none-eabi-5_2-2015q4/bin/../lib/gcc/arm-none-eabi/5.2.1/../../../../arm-none-eabi/lib/armv6-m/libnosys.a
LOAD _build/app_button.o
LOAD _build/app_error.o
LOAD _build/app_fifo.o
LOAD _build/app_scheduler.o
LOAD _build/app_timer.o
LOAD _build/app_timer_appsh.o
LOAD _build/app_trace.o
LOAD _build/mem_manager.o
LOAD _build/nrf_assert.o
LOAD _build/retarget.o
LOAD _build/mqtt.o
LOAD _build/nrf_platform_port.o
LOAD _build/app_uart_fifo.o
LOAD _build/nrf_delay.o
LOAD _build/nrf_drv_common.o
LOAD _build/nrf_drv_gpiote.o
LOAD _build/main.o
LOAD _build/nrf_log.o
LOAD _build/ble_advdata.o
LOAD _build/ble_srv_common.o
LOAD _build/iot_context_manager.o
LOAD _build/system_nrf51.o
LOAD _build/softdevice_handler.o
LOAD _build/softdevice_handler_appsh.o
LOAD _build/gcc_startup_nrf51.o
LOAD external/lwip/lib/liblwip.a
LOAD components/iot/ble_6lowpan/lib/ble_6lowpan.a
START GROUP
LOAD /usr/local/gcc-arm-none-eabi-5_2-2015q4/bin/../lib/gcc/arm-none-eabi/5.2.1/armv6-m/libgcc.a
LOAD /usr/local/gcc-arm-none-eabi-5_2-2015q4/bin/../lib/gcc/arm-none-eabi/5.2.1/../../../../arm-none-eabi/lib/armv6-m/libc_nano.a
END GROUP
START GROUP
LOAD /usr/local/gcc-arm-none-eabi-5_2-2015q4/bin/../lib/gcc/arm-none-eabi/5.2.1/armv6-m/libgcc.a
LOAD /usr/local/gcc-arm-none-eabi-5_2-2015q4/bin/../lib/gcc/arm-none-eabi/5.2.1/../../../../arm-none-eabi/lib/armv6-m/libc_nano.a
END GROUP
LOAD /usr/local/gcc-arm-none-eabi-5_2-2015q4/bin/../lib/gcc/arm-none-eabi/5.2.1/armv6-m/crtend.o
LOAD /usr/local/gcc-arm-none-eabi-5_2-2015q4/bin/../lib/gcc/arm-none-eabi/5.2.1/armv6-m/crtn.o
START GROUP
LOAD /usr/local/gcc-arm-none-eabi-5_2-2015q4/bin/../lib/gcc/arm-none-eabi/5.2.1/armv6-m/libgcc.a
LOAD /usr/local/gcc-arm-none-eabi-5_2-2015q4/bin/../lib/gcc/arm-none-eabi/5.2.1/../../../../arm-none-eabi/lib/armv6-m/libc.a
LOAD /usr/local/gcc-arm-none-eabi-5_2-2015q4/bin/../lib/gcc/arm-none-eabi/5.2.1/../../../../arm-none-eabi/lib/armv6-m/libnosys.a
END GROUP

.text           0x00018000    0x14e38
 *(.Vectors)
 .Vectors       0x00018000       0xc0 _build/gcc_startup_nrf51.o
                0x00018000                __Vectors
 *(.text*)
 .text          0x000180c0       0x78 /usr/local/gcc-arm-none-eabi-5_2-2015q4/bin/../lib/gcc/arm-none-eabi/5.2.1/../../../../arm-none-eabi/lib/armv6-m/crt0.o
                0x000180c0                _mainCRTStartup
                0x000180c0                _start
 .text.exit     0x00018138       0x2c /usr/local/gcc-arm-none-eabi-5_2-2015q4/bin/../lib/gcc/arm-none-eabi/5.2.1/../../../../arm-none-eabi/lib/armv6-m/libc_nano.a(lib_a-exit.o)
                0x00018138                exit
 .text.__libc_init_array
                0x00018164       0x4c /usr/local/gcc-arm-none-eabi-5_2-2015q4/bin/../lib/gcc/arm-none-eabi/5.2.1/../../../../arm-none-eabi/lib/armv6-m/libc_nano.a(lib_a-init.o)
                0x00018164                __libc_init_array
 .text.memset   0x000181b0       0x10 /usr/local/gcc-arm-none-eabi-5_2-2015q4/bin/../lib/gcc/arm-none-eabi/5.2.1/../../../../arm-none-eabi/lib/armv6-m/libc_nano.a(lib_a-memset.o)
                0x000181b0                memset
 .text._exit    0x000181c0        0x4 /usr/local/gcc-arm-none-eabi-5_2-2015q4/bin/../lib/gcc/arm-none-eabi/5.2.1/../../../../arm-none-eabi/lib/armv6-m/libnosys.a(_exit.o)
                0x000181c0                _exit
 .text.fifo_length
                0x000181c4       0x20 _build/app_fifo.o
 .text.app_fifo_init
                0x000181e4       0x5c _build/app_fifo.o
                0x000181e4                app_fifo_init
 .text.app_fifo_put
                0x00018240       0x50 _build/app_fifo.o
                0x00018240                app_fifo_put
 .text.app_fifo_get
                0x00018290       0x44 _build/app_fifo.o
                0x00018290                app_fifo_get
 .text.NVIC_GetPriority
                0x000182d4       0x7c _build/app_scheduler.o
 .text.sd_nvic_critical_region_enter
                0x00018350        0x8 _build/app_scheduler.o
 .text.sd_nvic_critical_region_exit
                0x00018358        0x8 _build/app_scheduler.o
 .text.is_word_aligned
                0x00018360       0x1c _build/app_scheduler.o
 .text.current_int_priority_get
                0x0001837c       0x3c _build/app_scheduler.o
 .text.next_index
                0x000183b8       0x34 _build/app_scheduler.o
 .text.app_sched_queue_full
                0x000183ec       0x3c _build/app_scheduler.o
 .text.app_sched_queue_empty
                0x00018428       0x30 _build/app_scheduler.o
 .text.app_sched_init
                0x00018458       0x90 _build/app_scheduler.o
                0x00018458                app_sched_init
 .text.app_sched_event_put
                0x000184e8      0x174 _build/app_scheduler.o
                0x000184e8                app_sched_event_put
 .text.app_sched_event_get
                0x0001865c       0x94 _build/app_scheduler.o
 .text.app_sched_execute
                0x000186f0       0x34 _build/app_scheduler.o
                0x000186f0                app_sched_execute
 .text.is_word_aligned
                0x00018724       0x1c _build/app_timer.o
 .text.NVIC_EnableIRQ
                0x00018740       0x2c _build/app_timer.o
 .text.NVIC_DisableIRQ
                0x0001876c       0x30 _build/app_timer.o
 .text.NVIC_SetPendingIRQ
                0x0001879c       0x34 _build/app_timer.o
 .text.NVIC_ClearPendingIRQ
                0x000187d0       0x34 _build/app_timer.o
 .text.NVIC_SetPriority
                0x00018804       0xdc _build/app_timer.o
 .text.NVIC_GetPriority
                0x000188e0       0x7c _build/app_timer.o
 .text.current_int_priority_get
                0x0001895c       0x3c _build/app_timer.o
 .text.rtc1_init
                0x00018998       0x28 _build/app_timer.o
 .text.rtc1_start
                0x000189c0       0x6c _build/app_timer.o
 .text.rtc1_stop
                0x00018a2c       0x98 _build/app_timer.o
 .text.rtc1_counter_get
                0x00018ac4       0x18 _build/app_timer.o
 .text.ticks_diff_get
                0x00018adc       0x1c _build/app_timer.o
 .text.rtc1_compare0_set
                0x00018af8       0x20 _build/app_timer.o
 .text.timer_list_insert
                0x00018b18      0x144 _build/app_timer.o
 .text.timer_list_remove
                0x00018c5c      0x118 _build/app_timer.o
 .text.timer_timeouts_check_sched
                0x00018d74       0x10 _build/app_timer.o
 .text.timer_list_handler_sched
                0x00018d84       0x10 _build/app_timer.o
 .text.timeout_handler_exec
                0x00018d94       0x54 _build/app_timer.o
 .text.timer_timeouts_check
                0x00018de8       0xd0 _build/app_timer.o
 .text.elapsed_ticks_acquire
                0x00018eb8       0x7c _build/app_timer.o
 .text.list_deletions_handler
                0x00018f34      0x120 _build/app_timer.o
 .text.expired_timers_handler
                0x00019054       0xb0 _build/app_timer.o
 .text.list_insertions_handler
                0x00019104      0x1c0 _build/app_timer.o
 .text.compare_reg_update
                0x000192c4       0xc4 _build/app_timer.o
 .text.timer_list_handler
                0x00019388       0x94 _build/app_timer.o
 .text.user_op_enque
                0x0001941c       0x1c _build/app_timer.o
 .text.user_op_alloc
                0x00019438       0x58 _build/app_timer.o
 .text.timer_start_op_schedule
                0x00019490       0x80 _build/app_timer.o
 .text.timer_stop_op_schedule
                0x00019510       0x60 _build/app_timer.o
 .text.RTC1_IRQHandler
                0x00019570       0x50 _build/app_timer.o
                0x00019570                RTC1_IRQHandler
 .text.SWI0_IRQHandler
                0x000195c0       0x10 _build/app_timer.o
                0x000195c0                SWI0_IRQHandler
 .text.app_timer_init
                0x000195d0      0x17c _build/app_timer.o
                0x000195d0                app_timer_init
 .text.app_timer_create
                0x0001974c       0xbc _build/app_timer.o
                0x0001974c                app_timer_create
 .text.user_id_get
                0x00019808       0x34 _build/app_timer.o
 .text.app_timer_start
                0x0001983c       0x90 _build/app_timer.o
                0x0001983c                app_timer_start
 .text.app_timer_stop
                0x000198cc       0x60 _build/app_timer.o
                0x000198cc                app_timer_stop
 .text.app_timer_cnt_get
                0x0001992c       0x1c _build/app_timer.o
                0x0001992c                app_timer_cnt_get
 .text.app_timer_evt_get
                0x00019948       0x44 _build/app_timer_appsh.o
 .text.app_timer_evt_schedule
                0x0001998c       0x38 _build/app_timer_appsh.o
                0x0001998c                app_timer_evt_schedule
 .text.block_init
                0x000199c4       0x18 _build/mem_manager.o
 .text.nrf51_sdk_mem_init
                0x000199dc      0x10c _build/mem_manager.o
                0x000199dc                nrf51_sdk_mem_init
 .text.nrf51_sdk_mem_alloc
                0x00019ae8       0xec _build/mem_manager.o
                0x00019ae8                nrf51_sdk_mem_alloc
 .text.nrf51_sdk_mem_free
                0x00019bd4       0x7c _build/mem_manager.o
                0x00019bd4                nrf51_sdk_mem_free
 .text._write   0x00019c50       0x38 _build/retarget.o
                0x00019c50                _write
 .text._read    0x00019c88       0x28 _build/retarget.o
                0x00019c88                _read
 .text.mqtt_client_instance_init
                0x00019cb0       0x64 _build/mqtt.o
 .text.remaining_length_encode
                0x00019d14       0x98 _build/mqtt.o
 .text.remaining_length_decode
                0x00019dac       0x98 _build/mqtt.o
 .text.tcp_write_complete_cb
                0x00019e44       0x48 _build/mqtt.o
                0x00019e44                tcp_write_complete_cb
 .text.transport_write
                0x00019e8c       0x78 _build/mqtt.o
 .text.notify_disconnection
                0x00019f04       0x64 _build/mqtt.o
                0x00019f04                notify_disconnection
 .text.tcp_close_connection
                0x00019f68       0x68 _build/mqtt.o
 .text.recv_callback
                0x00019fd0      0x28c _build/mqtt.o
                0x00019fd0                recv_callback
 .text.tcp_connection_callback
                0x0001a25c      0x398 _build/mqtt.o
 .text.mqtt_abort
                0x0001a5f4       0x68 _build/mqtt.o
                0x0001a5f4                mqtt_abort
 .text.mqtt_init
                0x0001a65c       0x28 _build/mqtt.o
                0x0001a65c                mqtt_init
 .text.tcp_error_handler
                0x0001a684       0x2c _build/mqtt.o
 .text.tcp_connection_poll
                0x0001a6b0       0x44 _build/mqtt.o
 .text.tcp_request_connection
                0x0001a6f4      0x114 _build/mqtt.o
 .text.mqtt_connect
                0x0001a808      0x10c _build/mqtt.o
                0x0001a808                mqtt_connect
 .text.mqtt_publish
                0x0001a914      0x218 _build/mqtt.o
                0x0001a914                mqtt_publish
 .text.mqtt_ping
                0x0001ab2c       0x5c _build/mqtt.o
                0x0001ab2c                mqtt_ping
 .text.mqtt_live
                0x0001ab88       0x68 _build/mqtt.o
                0x0001ab88                mqtt_live
 .text.nrf51_mem_init
                0x0001abf0        0xc _build/nrf_platform_port.o
                0x0001abf0                nrf51_mem_init
 .text.nrf51_mem_alloc
                0x0001abfc       0x40 _build/nrf_platform_port.o
                0x0001abfc                nrf51_mem_alloc
 .text.nrf51_mem_free
                0x0001ac3c       0x18 _build/nrf_platform_port.o
                0x0001ac3c                nrf51_mem_free
 .text.nrf51_mem_trim
                0x0001ac54       0x18 _build/nrf_platform_port.o
                0x0001ac54                nrf51_mem_trim
 .text.blenetif_input
                0x0001ac6c       0x58 _build/nrf_platform_port.o
 .text.blenetif_output
                0x0001acc4       0x7c _build/nrf_platform_port.o
 .text.blenetif_init
                0x0001ad40       0x34 _build/nrf_platform_port.o
 .text.blenetif_transport_callback
                0x0001ad74      0x1b8 _build/nrf_platform_port.o
 .text.nrf51_driver_init
                0x0001af2c       0x64 _build/nrf_platform_port.o
                0x0001af2c                nrf51_driver_init
 .text.sys_now  0x0001af90       0x18 _build/nrf_platform_port.o
                0x0001af90                sys_now
 .text.NVIC_EnableIRQ
                0x0001afa8       0x2c _build/app_uart_fifo.o
 .text.NVIC_ClearPendingIRQ
                0x0001afd4       0x34 _build/app_uart_fifo.o
 .text.NVIC_SetPriority
                0x0001b008       0xdc _build/app_uart_fifo.o
 .text.nrf_gpio_cfg_output
                0x0001b0e4       0x20 _build/app_uart_fifo.o
 .text.nrf_gpio_cfg_input
                0x0001b104       0x2c _build/app_uart_fifo.o
 .text.fifo_length
                0x0001b130       0x20 _build/app_uart_fifo.o
 .text.action_uart_deactivate
                0x0001b150       0x30 _build/app_uart_fifo.o
 .text.action_tx_stop
                0x0001b180       0x38 _build/app_uart_fifo.o
                0x0001b180                action_tx_stop
 .text.action_tx_send
                0x0001b1b8       0x68 _build/app_uart_fifo.o
 .text.action_tx_ready
                0x0001b220       0x24 _build/app_uart_fifo.o
 .text.on_cts_high
                0x0001b244       0x2c _build/app_uart_fifo.o
 .text.on_cts_low
                0x0001b270       0x58 _build/app_uart_fifo.o
 .text.on_tx_ready
                0x0001b2c8       0x30 _build/app_uart_fifo.o
 .text.on_uart_put
                0x0001b2f8       0x1c _build/app_uart_fifo.o
 .text.on_uart_close
                0x0001b314       0x10 _build/app_uart_fifo.o
 .text.on_uart_event
                0x0001b324       0x4c _build/app_uart_fifo.o
 .text.gpiote_uart_event_handler
                0x0001b370       0x30 _build/app_uart_fifo.o
 .text.UART0_IRQHandler
                0x0001b3a0       0xec _build/app_uart_fifo.o
                0x0001b3a0                UART0_IRQHandler
 .text.uart_no_flow_control_init
                0x0001b48c       0x64 _build/app_uart_fifo.o
 .text.uart_standard_flow_control_init
                0x0001b4f0       0x70 _build/app_uart_fifo.o
 .text.app_uart_init
                0x0001b560      0x258 _build/app_uart_fifo.o
                0x0001b560                app_uart_init
 .text.app_uart_get
                0x0001b7b8       0x24 _build/app_uart_fifo.o
                0x0001b7b8                app_uart_get
 .text.app_uart_put
                0x0001b7dc       0x34 _build/app_uart_fifo.o
                0x0001b7dc                app_uart_put
 .text.NVIC_EnableIRQ
                0x0001b810       0x2c _build/nrf_drv_common.o
 .text.NVIC_ClearPendingIRQ
                0x0001b83c       0x34 _build/nrf_drv_common.o
 .text.NVIC_SetPriority
                0x0001b870       0xdc _build/nrf_drv_common.o
 .text.nrf_drv_common_irq_enable
                0x0001b94c       0x44 _build/nrf_drv_common.o
                0x0001b94c                nrf_drv_common_irq_enable
 .text.nrf_gpiote_event_is_set
                0x0001b990       0x2c _build/nrf_drv_gpiote.o
 .text.nrf_gpiote_event_clear
                0x0001b9bc       0x24 _build/nrf_drv_gpiote.o
 .text.nrf_gpiote_event_addr_get
                0x0001b9e0       0x24 _build/nrf_drv_gpiote.o
 .text.nrf_gpiote_int_enable
                0x0001ba04       0x20 _build/nrf_drv_gpiote.o
 .text.nrf_gpiote_int_is_enabled
                0x0001ba24       0x20 _build/nrf_drv_gpiote.o
 .text.nrf_gpiote_event_enable
                0x0001ba44       0x30 _build/nrf_drv_gpiote.o
 .text.nrf_gpiote_event_configure
                0x0001ba74       0x70 _build/nrf_drv_gpiote.o
 .text.nrf_gpiote_event_pin_get
                0x0001bae4       0x28 _build/nrf_drv_gpiote.o
 .text.nrf_gpiote_event_polarity_get
                0x0001bb0c       0x2c _build/nrf_drv_gpiote.o
 .text.nrf_gpiote_task_configure
                0x0001bb38       0x88 _build/nrf_drv_gpiote.o
 .text.nrf_gpio_cfg_output
                0x0001bbc0       0x20 _build/nrf_drv_gpiote.o
 .text.nrf_gpio_cfg_input
                0x0001bbe0       0x2c _build/nrf_drv_gpiote.o
 .text.nrf_gpio_cfg_watcher
                0x0001bc0c       0x34 _build/nrf_drv_gpiote.o
 .text.nrf_gpio_cfg_sense_set
                0x0001bc40       0x60 _build/nrf_drv_gpiote.o
 .text.nrf_gpio_pin_set
                0x0001bca0       0x20 _build/nrf_drv_gpiote.o
 .text.nrf_gpio_pin_clear
                0x0001bcc0       0x24 _build/nrf_drv_gpiote.o
 .text.nrf_gpio_pin_read
                0x0001bce4       0x24 _build/nrf_drv_gpiote.o
 .text.nrf_gpio_pins_read
                0x0001bd08       0x14 _build/nrf_drv_gpiote.o
 .text.nrf_gpio_pin_sense_get
                0x0001bd1c       0x28 _build/nrf_drv_gpiote.o
 .text.pin_in_use
                0x0001bd44       0x2c _build/nrf_drv_gpiote.o
 .text.pin_in_use_by_te
                0x0001bd70       0x48 _build/nrf_drv_gpiote.o
 .text.pin_in_use_by_port
                0x0001bdb8       0x30 _build/nrf_drv_gpiote.o
 .text.pin_in_use_by_gpiote
                0x0001bde8       0x28 _build/nrf_drv_gpiote.o
 .text.pin_in_use_by_te_set
                0x0001be10       0x60 _build/nrf_drv_gpiote.o
 .text.pin_in_use_set
                0x0001be70       0x24 _build/nrf_drv_gpiote.o
 .text.pin_in_use_clear
                0x0001be94       0x24 _build/nrf_drv_gpiote.o
 .text.channel_port_get
                0x0001beb8       0x24 _build/nrf_drv_gpiote.o
 .text.pin_from_port_get
                0x0001bedc       0x24 _build/nrf_drv_gpiote.o
 .text.channel_handler_get
                0x0001bf00       0x20 _build/nrf_drv_gpiote.o
 .text.channel_port_alloc
                0x0001bf20       0x88 _build/nrf_drv_gpiote.o
 .text.channel_free
                0x0001bfa8       0x44 _build/nrf_drv_gpiote.o
 .text.nrf_drv_gpiote_init
                0x0001bfec       0x80 _build/nrf_drv_gpiote.o
                0x0001bfec                nrf_drv_gpiote_init
 .text.nrf_drv_gpiote_is_init
                0x0001c06c       0x18 _build/nrf_drv_gpiote.o
                0x0001c06c                nrf_drv_gpiote_is_init
 .text.nrf_drv_gpiote_out_init
                0x0001c084       0xa0 _build/nrf_drv_gpiote.o
                0x0001c084                nrf_drv_gpiote_out_init
 .text.nrf_drv_gpiote_in_init
                0x0001c124       0xcc _build/nrf_drv_gpiote.o
                0x0001c124                nrf_drv_gpiote_in_init
 .text.nrf_drv_gpiote_in_event_enable
                0x0001c1f0       0xf0 _build/nrf_drv_gpiote.o
                0x0001c1f0                nrf_drv_gpiote_in_event_enable
 .text.nrf_drv_gpiote_in_is_set
                0x0001c2e0       0x20 _build/nrf_drv_gpiote.o
                0x0001c2e0                nrf_drv_gpiote_in_is_set
 .text.GPIOTE_IRQHandler
                0x0001c300      0x1e4 _build/nrf_drv_gpiote.o
                0x0001c300                GPIOTE_IRQHandler
 .text.NVIC_SystemReset
                0x0001c4e4       0x1c _build/main.o
 .text.sd_app_evt_wait
                0x0001c500        0x8 _build/main.o
 .text.sd_ble_gap_address_set
                0x0001c508        0x8 _build/main.o
 .text.sd_ble_gap_address_get
                0x0001c510        0x8 _build/main.o
 .text.sd_ble_gap_adv_start
                0x0001c518        0x8 _build/main.o
 .text.sd_ble_gap_device_name_set
                0x0001c520        0x8 _build/main.o
 .text.app_error_handler
                0x0001c528       0x20 _build/main.o
                0x0001c528                app_error_handler
 .text.assert_nrf_callback
                0x0001c548       0x28 _build/main.o
                0x0001c548                assert_nrf_callback
 .text.nrf_log_init
                0x0001c570       0x2c _build/main.o
 .text.in_pin_handler
                0x0001c59c       0x64 _build/main.o
                0x0001c59c                in_pin_handler
 .text.pir_pin_init
                0x0001c600       0x78 _build/main.o
 .text.advertising_init
                0x0001c678      0x1c0 _build/main.o
 .text.advertising_start
                0x0001c838       0x40 _build/main.o
 .text.on_ble_evt
                0x0001c878       0x40 _build/main.o
 .text.ble_evt_dispatch
                0x0001c8b8       0x20 _build/main.o
 .text.ble_stack_init
                0x0001c8d8       0x64 _build/main.o
 .text.scheduler_init
                0x0001c93c       0x38 _build/main.o
 .text.ip_stack_init
                0x0001c974       0x54 _build/main.o
 .text.system_timer_callback
                0x0001c9c8       0x18 _build/main.o
 .text.mqtt_timer_callback
                0x0001c9e0       0xc8 _build/main.o
 .text.app_mqtt_publish
                0x0001caa8       0xac _build/main.o
 .text.timers_init
                0x0001cb54       0xa0 _build/main.o
 .text.nrf51_driver_interface_up
                0x0001cbf4       0x78 _build/main.o
                0x0001cbf4                nrf51_driver_interface_up
 .text.nrf51_driver_interface_down
                0x0001cc6c       0x78 _build/main.o
                0x0001cc6c                nrf51_driver_interface_down
 .text.app_mqtt_evt_handler
                0x0001cce4       0x64 _build/main.o
                0x0001cce4                app_mqtt_evt_handler
 .text.main     0x0001cd48       0x58 _build/main.o
                0x0001cd48                main
 .text.uart_error_cb
                0x0001cda0       0x40 _build/nrf_log.o
                0x0001cda0                uart_error_cb
 .text.log_uart_init
                0x0001cde0       0x7c _build/nrf_log.o
                0x0001cde0                log_uart_init
 .text.log_uart_printf
                0x0001ce5c       0x28 _build/nrf_log.o
                0x0001ce5c                log_uart_printf
 .text.sd_ble_gap_adv_data_set
                0x0001ce84        0x8 _build/ble_advdata.o
 .text.sd_ble_gap_appearance_get
                0x0001ce8c        0x8 _build/ble_advdata.o
 .text.sd_ble_gap_device_name_get
                0x0001ce94        0x8 _build/ble_advdata.o
 .text.sd_ble_uuid_encode
                0x0001ce9c        0x8 _build/ble_advdata.o
 .text.uint16_encode
                0x0001cea4       0x34 _build/ble_advdata.o
 .text.name_encode
                0x0001ced8      0x13c _build/ble_advdata.o
 .text.appearance_encode
                0x0001d014       0x90 _build/ble_advdata.o
 .text.tx_power_level_encode
                0x0001d0a4       0x70 _build/ble_advdata.o
 .text.uuid_list_sized_encode
                0x0001d114      0x170 _build/ble_advdata.o
 .text.uuid_list_encode
                0x0001d284       0x70 _build/ble_advdata.o
 .text.conn_int_check
                0x0001d2f4       0x80 _build/ble_advdata.o
 .text.conn_int_encode
                0x0001d374       0xb4 _build/ble_advdata.o
 .text.manuf_specific_data_encode
                0x0001d428       0xd4 _build/ble_advdata.o
 .text.service_data_encode
                0x0001d4fc      0x108 _build/ble_advdata.o
 .text.adv_data_encode
                0x0001d604      0x1c8 _build/ble_advdata.o
 .text.advdata_check
                0x0001d7cc       0x24 _build/ble_advdata.o
 .text.srdata_check
                0x0001d7f0       0x20 _build/ble_advdata.o
 .text.ble_advdata_set
                0x0001d810       0xc4 _build/ble_advdata.o
                0x0001d810                ble_advdata_set
 .text.context_init
                0x0001d8d4       0x30 _build/iot_context_manager.o
 .text.context_table_init
                0x0001d904       0x68 _build/iot_context_manager.o
 .text.context_table_find
                0x0001d96c       0x40 _build/iot_context_manager.o
 .text.context_find_by_cid
                0x0001d9ac       0x80 _build/iot_context_manager.o
 .text.context_find_by_prefix
                0x0001da2c      0x1ac _build/iot_context_manager.o
 .text.iot_context_manager_init
                0x0001dbd8       0x34 _build/iot_context_manager.o
                0x0001dbd8                iot_context_manager_init
 .text.iot_context_manager_table_alloc
                0x0001dc0c       0x6c _build/iot_context_manager.o
                0x0001dc0c                iot_context_manager_table_alloc
 .text.iot_context_manager_table_free
                0x0001dc78       0x64 _build/iot_context_manager.o
                0x0001dc78                iot_context_manager_table_free
 .text.iot_context_manager_get_by_addr
                0x0001dcdc       0x80 _build/iot_context_manager.o
                0x0001dcdc                iot_context_manager_get_by_addr
 .text.iot_context_manager_get_by_cid
                0x0001dd5c       0x90 _build/iot_context_manager.o
                0x0001dd5c                iot_context_manager_get_by_cid
 .text.SystemInit
                0x0001ddec       0x40 _build/system_nrf51.o
                0x0001ddec                SystemInit
 .text.is_manual_peripheral_setup_needed
                0x0001de2c       0x80 _build/system_nrf51.o
 .text.is_disabled_in_debug_needed
                0x0001deac       0x4c _build/system_nrf51.o
 .text.sd_nvic_EnableIRQ
                0x0001def8        0x8 _build/softdevice_handler.o
 .text.sd_evt_get
                0x0001df00        0x8 _build/softdevice_handler.o
 .text.sd_softdevice_enable
                0x0001df08        0x8 _build/softdevice_handler.o
 .text.is_word_aligned
                0x0001df10       0x1c _build/softdevice_handler.o
 .text.sd_ble_evt_get
                0x0001df2c        0x8 _build/softdevice_handler.o
 .text.softdevice_assertion_handler
                0x0001df34       0x2c _build/softdevice_handler.o
                0x0001df34                softdevice_assertion_handler
 .text.intern_softdevice_events_execute
                0x0001df60      0x110 _build/softdevice_handler.o
                0x0001df60                intern_softdevice_events_execute
 .text.softdevice_handler_init
                0x0001e070       0x8c _build/softdevice_handler.o
                0x0001e070                softdevice_handler_init
 .text.softdevice_ble_evt_handler_set
                0x0001e0fc       0x28 _build/softdevice_handler.o
                0x0001e0fc                softdevice_ble_evt_handler_set
 .text.SWI2_IRQHandler
                0x0001e124       0x40 _build/softdevice_handler.o
                0x0001e124                SWI2_IRQHandler
 .text.softdevice_evt_get
                0x0001e164       0x38 _build/softdevice_handler_appsh.o
                0x0001e164                softdevice_evt_get
 .text.softdevice_evt_schedule
                0x0001e19c       0x1c _build/softdevice_handler_appsh.o
                0x0001e19c                softdevice_evt_schedule
 .text          0x0001e1b8       0x54 _build/gcc_startup_nrf51.o
                0x0001e1b8                Reset_Handler
                0x0001e200                NMI_Handler
                0x0001e202                HardFault_Handler
                0x0001e204                SVC_Handler
                0x0001e206                PendSV_Handler
                0x0001e208                SysTick_Handler
                0x0001e20a                TIMER2_IRQHandler
                0x0001e20a                SPI0_TWI0_IRQHandler
                0x0001e20a                RTC0_IRQHandler
                0x0001e20a                POWER_CLOCK_IRQHandler
                0x0001e20a                RADIO_IRQHandler
                0x0001e20a                LPCOMP_IRQHandler
                0x0001e20a                SWI4_IRQHandler
                0x0001e20a                TEMP_IRQHandler
                0x0001e20a                QDEC_IRQHandler
                0x0001e20a                SWI5_IRQHandler
                0x0001e20a                TIMER0_IRQHandler
                0x0001e20a                TIMER1_IRQHandler
                0x0001e20a                ECB_IRQHandler
                0x0001e20a                Default_Handler
                0x0001e20a                ADC_IRQHandler
                0x0001e20a                SWI3_IRQHandler
                0x0001e20a                CCM_AAR_IRQHandler
                0x0001e20a                WDT_IRQHandler
                0x0001e20a                RNG_IRQHandler
                0x0001e20a                SPI1_TWI1_IRQHandler
                0x0001e20a                SWI1_IRQHandler
 .text.lwip_init
                0x0001e20c       0x18 external/lwip/lib/liblwip.a(init.o)
                0x0001e20c                lwip_init
 .text.netif_null_output_ip6
                0x0001e224        0x8 external/lwip/lib/liblwip.a(netif.o)
 .text.netif_init
                0x0001e22c        0x4 external/lwip/lib/liblwip.a(netif.o)
                0x0001e22c                netif_init
 .text.netif_add
                0x0001e230       0xf4 external/lwip/lib/liblwip.a(netif.o)
                0x0001e230                netif_add
 .text.netif_remove
                0x0001e324       0x80 external/lwip/lib/liblwip.a(netif.o)
                0x0001e324                netif_remove
 .text.netif_set_up
                0x0001e3a4       0x34 external/lwip/lib/liblwip.a(netif.o)
                0x0001e3a4                netif_set_up
 .text.netif_get_ip6_addr_match
                0x0001e3d8       0x90 external/lwip/lib/liblwip.a(netif.o)
                0x0001e3d8                netif_get_ip6_addr_match
 .text.pbuf_free_ooseq
                0x0001e468       0x40 external/lwip/lib/liblwip.a(pbuf.o)
                0x0001e468                pbuf_free_ooseq
 .text.pbuf_alloc
                0x0001e4a8      0x16c external/lwip/lib/liblwip.a(pbuf.o)
                0x0001e4a8                pbuf_alloc
 .text.pbuf_realloc
                0x0001e614       0x70 external/lwip/lib/liblwip.a(pbuf.o)
                0x0001e614                pbuf_realloc
 .text.pbuf_header
                0x0001e684       0x70 external/lwip/lib/liblwip.a(pbuf.o)
                0x0001e684                pbuf_header
 .text.pbuf_header_force
                0x0001e6f4       0x70 external/lwip/lib/liblwip.a(pbuf.o)
                0x0001e6f4                pbuf_header_force
 .text.pbuf_free
                0x0001e764       0x30 external/lwip/lib/liblwip.a(pbuf.o)
                0x0001e764                pbuf_free
 .text.pbuf_clen
                0x0001e794       0x14 external/lwip/lib/liblwip.a(pbuf.o)
                0x0001e794                pbuf_clen
 .text.pbuf_ref
                0x0001e7a8        0xc external/lwip/lib/liblwip.a(pbuf.o)
                0x0001e7a8                pbuf_ref
 .text.pbuf_cat
                0x0001e7b4       0x34 external/lwip/lib/liblwip.a(pbuf.o)
                0x0001e7b4                pbuf_cat
 .text.pbuf_copy
                0x0001e7e8       0xe4 external/lwip/lib/liblwip.a(pbuf.o)
                0x0001e7e8                pbuf_copy
 .text.pbuf_copy_partial
                0x0001e8cc       0x84 external/lwip/lib/liblwip.a(pbuf.o)
                0x0001e8cc                pbuf_copy_partial
 .text.tcp_init
                0x0001e950        0x4 external/lwip/lib/liblwip.a(tcp.o)
                0x0001e950                tcp_init
 .text.tcp_update_rcv_ann_wnd
                0x0001e954       0x44 external/lwip/lib/liblwip.a(tcp.o)
                0x0001e954                tcp_update_rcv_ann_wnd
 .text.tcp_recved
                0x0001e998       0x80 external/lwip/lib/liblwip.a(tcp.o)
                0x0001e998                tcp_recved
 .text.tcp_connect
                0x0001ea18      0x344 external/lwip/lib/liblwip.a(tcp.o)
                0x0001ea18                tcp_connect
 .text.tcp_segs_free
                0x0001ed5c       0x20 external/lwip/lib/liblwip.a(tcp.o)
                0x0001ed5c                tcp_segs_free
 .text.tcp_seg_free
                0x0001ed7c       0x1c external/lwip/lib/liblwip.a(tcp.o)
                0x0001ed7c                tcp_seg_free
 .text.tcp_seg_copy
                0x0001ed98       0x28 external/lwip/lib/liblwip.a(tcp.o)
                0x0001ed98                tcp_seg_copy
 .text.tcp_arg  0x0001edc0        0x4 external/lwip/lib/liblwip.a(tcp.o)
                0x0001edc0                tcp_arg
 .text.tcp_recv
                0x0001edc4        0x8 external/lwip/lib/liblwip.a(tcp.o)
                0x0001edc4                tcp_recv
 .text.tcp_sent
                0x0001edcc        0x8 external/lwip/lib/liblwip.a(tcp.o)
                0x0001edcc                tcp_sent
 .text.tcp_err  0x0001edd4        0x8 external/lwip/lib/liblwip.a(tcp.o)
                0x0001edd4                tcp_err
 .text.tcp_accept
                0x0001eddc        0x4 external/lwip/lib/liblwip.a(tcp.o)
                0x0001eddc                tcp_accept
 .text.tcp_poll
                0x0001ede0        0xc external/lwip/lib/liblwip.a(tcp.o)
                0x0001ede0                tcp_poll
 .text.tcp_pcb_purge
                0x0001edec      0x114 external/lwip/lib/liblwip.a(tcp.o)
                0x0001edec                tcp_pcb_purge
 .text.tcp_slowtmr
                0x0001ef00      0x3a4 external/lwip/lib/liblwip.a(tcp.o)
                0x0001ef00                tcp_slowtmr
 .text.tcp_close_shutdown
                0x0001f2a4      0x264 external/lwip/lib/liblwip.a(tcp.o)
 .text.tcp_recv_null
                0x0001f508       0xb8 external/lwip/lib/liblwip.a(tcp.o)
                0x0001f508                tcp_recv_null
 .text.tcp_fasttmr
                0x0001f5c0      0x17c external/lwip/lib/liblwip.a(tcp.o)
                0x0001f5c0                tcp_fasttmr
 .text.tcp_tmr  0x0001f73c       0x20 external/lwip/lib/liblwip.a(tcp.o)
                0x0001f73c                tcp_tmr
 .text.tcp_close
                0x0001f75c      0x268 external/lwip/lib/liblwip.a(tcp.o)
                0x0001f75c                tcp_close
 .text.tcp_process_refused_data
                0x0001f9c4      0x100 external/lwip/lib/liblwip.a(tcp.o)
                0x0001f9c4                tcp_process_refused_data
 .text.tcp_abandon
                0x0001fac4      0x248 external/lwip/lib/liblwip.a(tcp.o)
                0x0001fac4                tcp_abandon
 .text.tcp_abort
                0x0001fd0c        0xc external/lwip/lib/liblwip.a(tcp.o)
                0x0001fd0c                tcp_abort
 .text.unlikely.tcp_kill_prio
                0x0001fd18       0x58 external/lwip/lib/liblwip.a(tcp.o)
 .text.tcp_kill_state
                0x0001fd70       0x4c external/lwip/lib/liblwip.a(tcp.o)
 .text.tcp_alloc
                0x0001fdbc      0x168 external/lwip/lib/liblwip.a(tcp.o)
                0x0001fdbc                tcp_alloc
 .text.tcp_new_ip6
                0x0001ff24      0x16c external/lwip/lib/liblwip.a(tcp.o)
                0x0001ff24                tcp_new_ip6
 .text.tcp_pcb_remove
                0x00020090       0x74 external/lwip/lib/liblwip.a(tcp.o)
                0x00020090                tcp_pcb_remove
 .text.tcp_eff_send_mss_impl
                0x00020104       0x48 external/lwip/lib/liblwip.a(tcp.o)
                0x00020104                tcp_eff_send_mss_impl
 .text.tcp_netif_ipv4_addr_changed
                0x0002014c       0x84 external/lwip/lib/liblwip.a(tcp.o)
                0x0002014c                tcp_netif_ipv4_addr_changed
 .text.tcp_oos_insert_segment
                0x000201d0       0xf4 external/lwip/lib/liblwip.a(tcp_in.o)
 .text.tcp_receive
                0x000202c4      0xa84 external/lwip/lib/liblwip.a(tcp_in.o)
 .text.tcp_parseopt.isra.1
                0x00020d48      0x1a4 external/lwip/lib/liblwip.a(tcp_in.o)
 .text.tcp_input
                0x00020eec      0xd7c external/lwip/lib/liblwip.a(tcp_in.o)
                0x00020eec                tcp_input
 .text.tcp_trigger_input_pcb_close
                0x00021c68       0x10 external/lwip/lib/liblwip.a(tcp_in.o)
                0x00021c68                tcp_trigger_input_pcb_close
 .text.tcp_send_fin
                0x00021c78      0x160 external/lwip/lib/liblwip.a(tcp_out.o)
                0x00021c78                tcp_send_fin
 .text.tcp_write
                0x00021dd8      0x6c8 external/lwip/lib/liblwip.a(tcp_out.o)
                0x00021dd8                tcp_write
 .text.tcp_enqueue_flags
                0x000224a0      0x190 external/lwip/lib/liblwip.a(tcp_out.o)
                0x000224a0                tcp_enqueue_flags
 .text.tcp_send_empty_ack
                0x00022630      0x164 external/lwip/lib/liblwip.a(tcp_out.o)
                0x00022630                tcp_send_empty_ack
 .text.tcp_output
                0x00022794      0x544 external/lwip/lib/liblwip.a(tcp_out.o)
                0x00022794                tcp_output
 .text.tcp_rst_impl
                0x00022cd8       0xf8 external/lwip/lib/liblwip.a(tcp_out.o)
                0x00022cd8                tcp_rst_impl
 .text.tcp_rexmit_rto
                0x00022dd0       0x44 external/lwip/lib/liblwip.a(tcp_out.o)
                0x00022dd0                tcp_rexmit_rto
 .text.tcp_rexmit
                0x00022e14       0x88 external/lwip/lib/liblwip.a(tcp_out.o)
                0x00022e14                tcp_rexmit
 .text.tcp_rexmit_fast
                0x00022e9c       0xc4 external/lwip/lib/liblwip.a(tcp_out.o)
                0x00022e9c                tcp_rexmit_fast
 .text.tcp_keepalive
                0x00022f60      0x11c external/lwip/lib/liblwip.a(tcp_out.o)
                0x00022f60                tcp_keepalive
 .text.tcp_zero_window_probe
                0x0002307c      0x1c4 external/lwip/lib/liblwip.a(tcp_out.o)
                0x0002307c                tcp_zero_window_probe
 .text.nd6_timer
                0x00023240       0x94 external/lwip/lib/liblwip.a(timers.o)
 .text.mld6_timer
                0x000232d4       0x88 external/lwip/lib/liblwip.a(timers.o)
 .text.tcpip_tcp_timer
                0x0002335c       0xa8 external/lwip/lib/liblwip.a(timers.o)
 .text.tcp_timer_needed
                0x00023404       0xb0 external/lwip/lib/liblwip.a(timers.o)
                0x00023404                tcp_timer_needed
 .text.sys_timeout
                0x000234b4       0x84 external/lwip/lib/liblwip.a(timers.o)
                0x000234b4                sys_timeout
 .text.sys_timeouts_init
                0x00023538       0xb8 external/lwip/lib/liblwip.a(timers.o)
                0x00023538                sys_timeouts_init
 .text.sys_check_timeouts
                0x000235f0       0x78 external/lwip/lib/liblwip.a(timers.o)
                0x000235f0                sys_check_timeouts
 .text.udp_init
                0x00023668        0x4 external/lwip/lib/liblwip.a(udp.o)
                0x00023668                udp_init
 .text.udp_input
                0x0002366c      0x304 external/lwip/lib/liblwip.a(udp.o)
                0x0002366c                udp_input
 .text.udp_netif_ipv4_addr_changed
                0x00023970       0x34 external/lwip/lib/liblwip.a(udp.o)
                0x00023970                udp_netif_ipv4_addr_changed
 .text.icmp_dest_unreach
                0x000239a4       0x88 external/lwip/lib/liblwip.a(icmp.o)
                0x000239a4                icmp_dest_unreach
 .text.ip_route
                0x00023a2c       0x60 external/lwip/lib/liblwip.a(ip4.o)
                0x00023a2c                ip_route
 .text.ip_output
                0x00023a8c      0x178 external/lwip/lib/liblwip.a(ip4.o)
                0x00023a8c                ip_output
 .text.ip_output_hinted
                0x00023c04      0x184 external/lwip/lib/liblwip.a(ip4.o)
                0x00023c04                ip_output_hinted
 .text.ip4_addr_isbroadcast
                0x00023d88       0x38 external/lwip/lib/liblwip.a(ip4_addr.o)
                0x00023d88                ip4_addr_isbroadcast
 .text.icmp6_input
                0x00023dc0       0xf4 external/lwip/lib/liblwip.a(icmp6.o)
                0x00023dc0                icmp6_input
 .text.icmp6_dest_unreach
                0x00023eb4      0x180 external/lwip/lib/liblwip.a(icmp6.o)
                0x00023eb4                icmp6_dest_unreach
 .text.icmp6_param_problem
                0x00024034      0x18c external/lwip/lib/liblwip.a(icmp6.o)
                0x00024034                icmp6_param_problem
 .text.ip6_route
                0x000241c0      0x2cc external/lwip/lib/liblwip.a(ip6.o)
                0x000241c0                ip6_route
 .text.ip6_select_source_address
                0x0002448c      0x2cc external/lwip/lib/liblwip.a(ip6.o)
                0x0002448c                ip6_select_source_address
 .text.ip6_input
                0x00024758      0x424 external/lwip/lib/liblwip.a(ip6.o)
                0x00024758                ip6_input
 .text.ip6_output_if
                0x00024b7c      0x1f0 external/lwip/lib/liblwip.a(ip6.o)
                0x00024b7c                ip6_output_if
 .text.ip6_output
                0x00024d6c      0x2f4 external/lwip/lib/liblwip.a(ip6.o)
                0x00024d6c                ip6_output
 .text.ip6_output_hinted
                0x00025060      0x300 external/lwip/lib/liblwip.a(ip6.o)
                0x00025060                ip6_output_hinted
 .text.ip6_options_add_hbh_ra
                0x00025360       0x38 external/lwip/lib/liblwip.a(ip6.o)
                0x00025360                ip6_options_add_hbh_ra
 .text.mld6_send
                0x00025398       0xfc external/lwip/lib/liblwip.a(mld6.o)
 .text.mld6_stop
                0x00025494       0x60 external/lwip/lib/liblwip.a(mld6.o)
                0x00025494                mld6_stop
 .text.mld6_report_groups
                0x000254f4       0x38 external/lwip/lib/liblwip.a(mld6.o)
                0x000254f4                mld6_report_groups
 .text.mld6_lookfor_group
                0x0002552c       0x3c external/lwip/lib/liblwip.a(mld6.o)
                0x0002552c                mld6_lookfor_group
 .text.mld6_input
                0x00025568      0x220 external/lwip/lib/liblwip.a(mld6.o)
                0x00025568                mld6_input
 .text.mld6_joingroup
                0x00025788      0x1a4 external/lwip/lib/liblwip.a(mld6.o)
                0x00025788                mld6_joingroup
 .text.mld6_leavegroup
                0x0002592c      0x174 external/lwip/lib/liblwip.a(mld6.o)
                0x0002592c                mld6_leavegroup
 .text.mld6_tmr
                0x00025aa0       0x3c external/lwip/lib/liblwip.a(mld6.o)
                0x00025aa0                mld6_tmr
 .text.nd6_send_na
                0x00025adc      0x15c external/lwip/lib/liblwip.a(nd6.o)
 .text.nd6_send_rs
                0x00025c38      0x128 external/lwip/lib/liblwip.a(nd6.o)
 .text.nd6_send_ns
                0x00025d60      0x160 external/lwip/lib/liblwip.a(nd6.o)
 .text.nd6_new_neighbor_cache_entry
                0x00025ec0      0xa1c external/lwip/lib/liblwip.a(nd6.o)
 .text.nd6_input
                0x000268dc     0x2918 external/lwip/lib/liblwip.a(nd6.o)
                0x000268dc                nd6_input
 .text.nd6_tmr  0x000291f4      0x494 external/lwip/lib/liblwip.a(nd6.o)
                0x000291f4                nd6_tmr
 .text.nd6_select_router
                0x00029688      0x358 external/lwip/lib/liblwip.a(nd6.o)
                0x00029688                nd6_select_router
 .text.nd6_get_destination_mtu
                0x000299e0       0x58 external/lwip/lib/liblwip.a(nd6.o)
                0x000299e0                nd6_get_destination_mtu
 .text.lwip_htons
                0x00029a38        0x8 external/lwip/lib/liblwip.a(def.o)
                0x00029a38                lwip_htons
 .text.lwip_ntohs
                0x00029a40        0x8 external/lwip/lib/liblwip.a(def.o)
                0x00029a40                lwip_ntohs
 .text.lwip_htonl
                0x00029a48        0x4 external/lwip/lib/liblwip.a(def.o)
                0x00029a48                lwip_htonl
 .text.lwip_ntohl
                0x00029a4c        0x4 external/lwip/lib/liblwip.a(def.o)
                0x00029a4c                lwip_ntohl
 .text.inet_cksum_pseudo_partial_base
                0x00029a50      0x138 external/lwip/lib/liblwip.a(inet_chksum.o)
 .text.inet_chksum_pseudo
                0x00029b88      0x144 external/lwip/lib/liblwip.a(inet_chksum.o)
                0x00029b88                inet_chksum_pseudo
 .text.ip6_chksum_pseudo
                0x00029ccc      0x198 external/lwip/lib/liblwip.a(inet_chksum.o)
                0x00029ccc                ip6_chksum_pseudo
 .text.inet_chksum_pseudo_partial
                0x00029e64       0x38 external/lwip/lib/liblwip.a(inet_chksum.o)
                0x00029e64                inet_chksum_pseudo_partial
 .text.ip6_chksum_pseudo_partial
                0x00029e9c       0xc0 external/lwip/lib/liblwip.a(inet_chksum.o)
                0x00029e9c                ip6_chksum_pseudo_partial
 .text.inet_chksum
                0x00029f5c       0x74 external/lwip/lib/liblwip.a(inet_chksum.o)
                0x00029f5c                inet_chksum
 .text.lwip_chksum_copy
                0x00029fd0       0x7c external/lwip/lib/liblwip.a(inet_chksum.o)
                0x00029fd0                lwip_chksum_copy
 .text.tx_send  0x0002a04c       0xe0 components/iot/ble_6lowpan/lib/ble_6lowpan.a(ble_6lowpan.o)
 .text.ipsp_evt_handler
                0x0002a12c      0x83c components/iot/ble_6lowpan/lib/ble_6lowpan.a(ble_6lowpan.o)
 .text.ble_6lowpan_init
                0x0002a968       0x60 components/iot/ble_6lowpan/lib/ble_6lowpan.a(ble_6lowpan.o)
                0x0002a968                ble_6lowpan_init
 .text.ble_6lowpan_interface_send
                0x0002a9c8      0x62c components/iot/ble_6lowpan/lib/ble_6lowpan.a(ble_6lowpan.o)
                0x0002a9c8                ble_6lowpan_interface_send
 .text.sd_ble_l2cap_ch_conn_reply
                0x0002aff4        0x4 components/iot/ble_6lowpan/lib/ble_6lowpan.a(ble_ipsp.o)
 .text.sd_ble_l2cap_ch_disconnect
                0x0002aff8        0x4 components/iot/ble_6lowpan/lib/ble_6lowpan.a(ble_ipsp.o)
 .text.sd_ble_l2cap_ch_tx
                0x0002affc        0x4 components/iot/ble_6lowpan/lib/ble_6lowpan.a(ble_ipsp.o)
 .text.sd_ble_l2cap_ch_rx_complete
                0x0002b000        0x4 components/iot/ble_6lowpan/lib/ble_6lowpan.a(ble_ipsp.o)
 .text.sd_ble_l2cap_ch_rx_credits_issue
                0x0002b004        0x4 components/iot/ble_6lowpan/lib/ble_6lowpan.a(ble_ipsp.o)
 .text.sd_ble_gatts_service_add
                0x0002b008        0x4 components/iot/ble_6lowpan/lib/ble_6lowpan.a(ble_ipsp.o)
 .text.ble_ipsp_evt_handler
                0x0002b00c      0x2b0 components/iot/ble_6lowpan/lib/ble_6lowpan.a(ble_ipsp.o)
                0x0002b00c                ble_ipsp_evt_handler
 .text.ble_ipsp_init
                0x0002b2bc       0x58 components/iot/ble_6lowpan/lib/ble_6lowpan.a(ble_ipsp.o)
                0x0002b2bc                ble_ipsp_init
 .text.ble_ipsp_send
                0x0002b314       0x38 components/iot/ble_6lowpan/lib/ble_6lowpan.a(ble_ipsp.o)
                0x0002b314                ble_ipsp_send
 .text.ble_ipsp_disconnect
                0x0002b34c       0x30 components/iot/ble_6lowpan/lib/ble_6lowpan.a(ble_ipsp.o)
                0x0002b34c                ble_ipsp_disconnect
 .text          0x0002b37c      0x114 /usr/local/gcc-arm-none-eabi-5_2-2015q4/bin/../lib/gcc/arm-none-eabi/5.2.1/armv6-m/libgcc.a(_udivsi3.o)
                0x0002b37c                __udivsi3
                0x0002b37c                __aeabi_uidiv
                0x0002b488                __aeabi_uidivmod
 .text          0x0002b490      0x1d4 /usr/local/gcc-arm-none-eabi-5_2-2015q4/bin/../lib/gcc/arm-none-eabi/5.2.1/armv6-m/libgcc.a(_divsi3.o)
                0x0002b490                __aeabi_idiv
                0x0002b490                __divsi3
                0x0002b65c                __aeabi_idivmod
 .text          0x0002b664        0x4 /usr/local/gcc-arm-none-eabi-5_2-2015q4/bin/../lib/gcc/arm-none-eabi/5.2.1/armv6-m/libgcc.a(_dvmd_tls.o)
                0x0002b664                __aeabi_ldiv0
                0x0002b664                __aeabi_idiv0
 .text.memcmp   0x0002b668       0x1e /usr/local/gcc-arm-none-eabi-5_2-2015q4/bin/../lib/gcc/arm-none-eabi/5.2.1/../../../../arm-none-eabi/lib/armv6-m/libc_nano.a(lib_a-memcmp.o)
                0x0002b668                memcmp
 .text.memcpy   0x0002b686       0x12 /usr/local/gcc-arm-none-eabi-5_2-2015q4/bin/../lib/gcc/arm-none-eabi/5.2.1/../../../../arm-none-eabi/lib/armv6-m/libc_nano.a(lib_a-memcpy-stub.o)
                0x0002b686                memcpy
 .text          0x0002b698        0xe /usr/local/gcc-arm-none-eabi-5_2-2015q4/bin/../lib/gcc/arm-none-eabi/5.2.1/../../../../arm-none-eabi/lib/armv6-m/libc_nano.a(lib_a-strlen.o)
                0x0002b698                strlen
 *fill*         0x0002b6a6        0x2 
 .text.vprintf  0x0002b6a8       0x2c /usr/local/gcc-arm-none-eabi-5_2-2015q4/bin/../lib/gcc/arm-none-eabi/5.2.1/../../../../arm-none-eabi/lib/armv6-m/libc_nano.a(lib_a-vprintf.o)
                0x0002b6a8                vprintf
                0x0002b6a8                viprintf
 .text._cleanup_r
                0x0002b6d4       0x10 /usr/local/gcc-arm-none-eabi-5_2-2015q4/bin/../lib/gcc/arm-none-eabi/5.2.1/../../../../arm-none-eabi/lib/armv6-m/libc_nano.a(lib_a-findfp.o)
                0x0002b6d4                _cleanup_r
 .text.std.isra.0
                0x0002b6e4       0x48 /usr/local/gcc-arm-none-eabi-5_2-2015q4/bin/../lib/gcc/arm-none-eabi/5.2.1/../../../../arm-none-eabi/lib/armv6-m/libc_nano.a(lib_a-findfp.o)
 .text.__sfmoreglue
                0x0002b72c       0x2c /usr/local/gcc-arm-none-eabi-5_2-2015q4/bin/../lib/gcc/arm-none-eabi/5.2.1/../../../../arm-none-eabi/lib/armv6-m/libc_nano.a(lib_a-findfp.o)
                0x0002b72c                __sfmoreglue
 .text.__sinit  0x0002b758       0x68 /usr/local/gcc-arm-none-eabi-5_2-2015q4/bin/../lib/gcc/arm-none-eabi/5.2.1/../../../../arm-none-eabi/lib/armv6-m/libc_nano.a(lib_a-findfp.o)
                0x0002b758                __sinit
 .text.__sfp    0x0002b7c0       0x7c /usr/local/gcc-arm-none-eabi-5_2-2015q4/bin/../lib/gcc/arm-none-eabi/5.2.1/../../../../arm-none-eabi/lib/armv6-m/libc_nano.a(lib_a-findfp.o)
                0x0002b7c0                __sfp
 .text._fwalk_reent
                0x0002b83c       0x42 /usr/local/gcc-arm-none-eabi-5_2-2015q4/bin/../lib/gcc/arm-none-eabi/5.2.1/../../../../arm-none-eabi/lib/armv6-m/libc_nano.a(lib_a-fwalk.o)
                0x0002b83c                _fwalk_reent
 *fill*         0x0002b87e        0x2 
 .text._malloc_r
                0x0002b880       0xac /usr/local/gcc-arm-none-eabi-5_2-2015q4/bin/../lib/gcc/arm-none-eabi/5.2.1/../../../../arm-none-eabi/lib/armv6-m/libc_nano.a(lib_a-nano-mallocr.o)
                0x0002b880                _malloc_r
 .text.__sfputc_r
                0x0002b92c       0x2a /usr/local/gcc-arm-none-eabi-5_2-2015q4/bin/../lib/gcc/arm-none-eabi/5.2.1/../../../../arm-none-eabi/lib/armv6-m/libc_nano.a(lib_a-nano-vfprintf.o)
 .text.__sfputs_r
                0x0002b956       0x24 /usr/local/gcc-arm-none-eabi-5_2-2015q4/bin/../lib/gcc/arm-none-eabi/5.2.1/../../../../arm-none-eabi/lib/armv6-m/libc_nano.a(lib_a-nano-vfprintf.o)
                0x0002b956                __sfputs_r
 *fill*         0x0002b97a        0x2 
 .text._vfprintf_r
                0x0002b97c      0x238 /usr/local/gcc-arm-none-eabi-5_2-2015q4/bin/../lib/gcc/arm-none-eabi/5.2.1/../../../../arm-none-eabi/lib/armv6-m/libc_nano.a(lib_a-nano-vfprintf.o)
                0x0002b97c                _vfiprintf_r
                0x0002b97c                _vfprintf_r
 .text._printf_common
                0x0002bbb4       0xdc /usr/local/gcc-arm-none-eabi-5_2-2015q4/bin/../lib/gcc/arm-none-eabi/5.2.1/../../../../arm-none-eabi/lib/armv6-m/libc_nano.a(lib_a-nano-vfprintf_i.o)
                0x0002bbb4                _printf_common
 .text._printf_i
                0x0002bc90      0x244 /usr/local/gcc-arm-none-eabi-5_2-2015q4/bin/../lib/gcc/arm-none-eabi/5.2.1/../../../../arm-none-eabi/lib/armv6-m/libc_nano.a(lib_a-nano-vfprintf_i.o)
                0x0002bc90                _printf_i
 .text._sbrk_r  0x0002bed4       0x24 /usr/local/gcc-arm-none-eabi-5_2-2015q4/bin/../lib/gcc/arm-none-eabi/5.2.1/../../../../arm-none-eabi/lib/armv6-m/libc_nano.a(lib_a-sbrkr.o)
                0x0002bed4                _sbrk_r
 .text.__sread  0x0002bef8       0x28 /usr/local/gcc-arm-none-eabi-5_2-2015q4/bin/../lib/gcc/arm-none-eabi/5.2.1/../../../../arm-none-eabi/lib/armv6-m/libc_nano.a(lib_a-stdio.o)
                0x0002bef8                __sread
 .text.__swrite
                0x0002bf20       0x38 /usr/local/gcc-arm-none-eabi-5_2-2015q4/bin/../lib/gcc/arm-none-eabi/5.2.1/../../../../arm-none-eabi/lib/armv6-m/libc_nano.a(lib_a-stdio.o)
                0x0002bf20                __swrite
 .text.__sseek  0x0002bf58       0x2c /usr/local/gcc-arm-none-eabi-5_2-2015q4/bin/../lib/gcc/arm-none-eabi/5.2.1/../../../../arm-none-eabi/lib/armv6-m/libc_nano.a(lib_a-stdio.o)
                0x0002bf58                __sseek
 .text.__sclose
                0x0002bf84        0xc /usr/local/gcc-arm-none-eabi-5_2-2015q4/bin/../lib/gcc/arm-none-eabi/5.2.1/../../../../arm-none-eabi/lib/armv6-m/libc_nano.a(lib_a-stdio.o)
                0x0002bf84                __sclose
 .text.__swbuf_r
                0x0002bf90       0xb0 /usr/local/gcc-arm-none-eabi-5_2-2015q4/bin/../lib/gcc/arm-none-eabi/5.2.1/../../../../arm-none-eabi/lib/armv6-m/libc_nano.a(lib_a-wbuf.o)
                0x0002bf90                __swbuf_r
 .text._write_r
                0x0002c040       0x28 /usr/local/gcc-arm-none-eabi-5_2-2015q4/bin/../lib/gcc/arm-none-eabi/5.2.1/../../../../arm-none-eabi/lib/armv6-m/libc_nano.a(lib_a-writer.o)
                0x0002c040                _write_r
 .text.__swsetup_r
                0x0002c068       0xe8 /usr/local/gcc-arm-none-eabi-5_2-2015q4/bin/../lib/gcc/arm-none-eabi/5.2.1/../../../../arm-none-eabi/lib/armv6-m/libc_nano.a(lib_a-wsetup.o)
                0x0002c068                __swsetup_r
 .text._close_r
                0x0002c150       0x24 /usr/local/gcc-arm-none-eabi-5_2-2015q4/bin/../lib/gcc/arm-none-eabi/5.2.1/../../../../arm-none-eabi/lib/armv6-m/libc_nano.a(lib_a-closer.o)
                0x0002c150                _close_r
 .text.__sflush_r
                0x0002c174      0x10c /usr/local/gcc-arm-none-eabi-5_2-2015q4/bin/../lib/gcc/arm-none-eabi/5.2.1/../../../../arm-none-eabi/lib/armv6-m/libc_nano.a(lib_a-fflush.o)
                0x0002c174                __sflush_r
 .text._fflush_r
                0x0002c280       0x58 /usr/local/gcc-arm-none-eabi-5_2-2015q4/bin/../lib/gcc/arm-none-eabi/5.2.1/../../../../arm-none-eabi/lib/armv6-m/libc_nano.a(lib_a-fflush.o)
                0x0002c280                _fflush_r
 .text._lseek_r
                0x0002c2d8       0x28 /usr/local/gcc-arm-none-eabi-5_2-2015q4/bin/../lib/gcc/arm-none-eabi/5.2.1/../../../../arm-none-eabi/lib/armv6-m/libc_nano.a(lib_a-lseekr.o)
                0x0002c2d8                _lseek_r
 .text.__smakebuf_r
                0x0002c300       0xa4 /usr/local/gcc-arm-none-eabi-5_2-2015q4/bin/../lib/gcc/arm-none-eabi/5.2.1/../../../../arm-none-eabi/lib/armv6-m/libc_nano.a(lib_a-makebuf.o)
                0x0002c300                __smakebuf_r
 .text.memchr   0x0002c3a4       0x16 /usr/local/gcc-arm-none-eabi-5_2-2015q4/bin/../lib/gcc/arm-none-eabi/5.2.1/../../../../arm-none-eabi/lib/armv6-m/libc_nano.a(lib_a-memchr-stub.o)
                0x0002c3a4                memchr
 *fill*         0x0002c3ba        0x2 
 .text._free_r  0x0002c3bc       0x8c /usr/local/gcc-arm-none-eabi-5_2-2015q4/bin/../lib/gcc/arm-none-eabi/5.2.1/../../../../arm-none-eabi/lib/armv6-m/libc_nano.a(lib_a-nano-freer.o)
                0x0002c3bc                _free_r
 .text._read_r  0x0002c448       0x28 /usr/local/gcc-arm-none-eabi-5_2-2015q4/bin/../lib/gcc/arm-none-eabi/5.2.1/../../../../arm-none-eabi/lib/armv6-m/libc_nano.a(lib_a-readr.o)
                0x0002c448                _read_r
 .text._fstat_r
                0x0002c470       0x24 /usr/local/gcc-arm-none-eabi-5_2-2015q4/bin/../lib/gcc/arm-none-eabi/5.2.1/../../../../arm-none-eabi/lib/armv6-m/libc_nano.a(lib_a-fstatr.o)
                0x0002c470                _fstat_r
 .text._isatty_r
                0x0002c494       0x24 /usr/local/gcc-arm-none-eabi-5_2-2015q4/bin/../lib/gcc/arm-none-eabi/5.2.1/../../../../arm-none-eabi/lib/armv6-m/libc_nano.a(lib_a-isattyr.o)
                0x0002c494                _isatty_r
 .text._close   0x0002c4b8       0x10 /usr/local/gcc-arm-none-eabi-5_2-2015q4/bin/../lib/gcc/arm-none-eabi/5.2.1/../../../../arm-none-eabi/lib/armv6-m/libnosys.a(close.o)
                0x0002c4b8                _close
 .text._fstat   0x0002c4c8       0x10 /usr/local/gcc-arm-none-eabi-5_2-2015q4/bin/../lib/gcc/arm-none-eabi/5.2.1/../../../../arm-none-eabi/lib/armv6-m/libnosys.a(fstat.o)
                0x0002c4c8                _fstat
 .text._isatty  0x0002c4d8       0x10 /usr/local/gcc-arm-none-eabi-5_2-2015q4/bin/../lib/gcc/arm-none-eabi/5.2.1/../../../../arm-none-eabi/lib/armv6-m/libnosys.a(isatty.o)
                0x0002c4d8                _isatty
 .text._lseek   0x0002c4e8       0x10 /usr/local/gcc-arm-none-eabi-5_2-2015q4/bin/../lib/gcc/arm-none-eabi/5.2.1/../../../../arm-none-eabi/lib/armv6-m/libnosys.a(lseek.o)
                0x0002c4e8                _lseek
 .text._sbrk    0x0002c4f8       0x1c /usr/local/gcc-arm-none-eabi-5_2-2015q4/bin/../lib/gcc/arm-none-eabi/5.2.1/../../../../arm-none-eabi/lib/armv6-m/libnosys.a(sbrk.o)
                0x0002c4f8                _sbrk
 *(.init)
 .init          0x0002c514        0x4 /usr/local/gcc-arm-none-eabi-5_2-2015q4/bin/../lib/gcc/arm-none-eabi/5.2.1/armv6-m/crti.o
                0x0002c514                _init
 .init          0x0002c518        0x8 /usr/local/gcc-arm-none-eabi-5_2-2015q4/bin/../lib/gcc/arm-none-eabi/5.2.1/armv6-m/crtn.o
 *(.fini)
 .fini          0x0002c520        0x4 /usr/local/gcc-arm-none-eabi-5_2-2015q4/bin/../lib/gcc/arm-none-eabi/5.2.1/armv6-m/crti.o
                0x0002c520                _fini
 .fini          0x0002c524        0x8 /usr/local/gcc-arm-none-eabi-5_2-2015q4/bin/../lib/gcc/arm-none-eabi/5.2.1/armv6-m/crtn.o
 *crtbegin.o(.ctors)
 *crtbegin?.o(.ctors)
 *(EXCLUDE_FILE(*crtend.o *crtend?.o) .ctors)
 *(SORT(.ctors.*))
 *(.ctors)
 *crtbegin.o(.dtors)
 *crtbegin?.o(.dtors)
 *(EXCLUDE_FILE(*crtend.o *crtend?.o) .dtors)
 *(SORT(.dtors.*))
 *(.dtors)
 *(.rodata*)
 .rodata.str1.1
                0x0002c52c        0x2 /usr/local/gcc-arm-none-eabi-5_2-2015q4/bin/../lib/gcc/arm-none-eabi/5.2.1/../../../../arm-none-eabi/lib/armv6-m/libc_nano.a(lib_a-impure.o)
 *fill*         0x0002c52e        0x2 
 .rodata._global_impure_ptr
                0x0002c530        0x4 /usr/local/gcc-arm-none-eabi-5_2-2015q4/bin/../lib/gcc/arm-none-eabi/5.2.1/../../../../arm-none-eabi/lib/armv6-m/libc_nano.a(lib_a-impure.o)
                0x0002c530                _global_impure_ptr
 .rodata.m_block_size
                0x0002c534        0xc _build/mem_manager.o
 .rodata.m_ping_packet
                0x0002c540        0x2 _build/mqtt.o
 *fill*         0x0002c542        0x2 
 .rodata        0x0002c544      0x4b4 _build/mqtt.o
 .rodata.on_uart_event
                0x0002c9f8       0x14 _build/app_uart_fifo.o
 .rodata.m_broker_addr
                0x0002ca0c       0x10 _build/main.o
 .rodata.m_device_id
                0x0002ca1c        0xf _build/main.o
 *fill*         0x0002ca2b        0x1 
 .rodata.topic_desc
                0x0002ca2c       0x10 _build/main.o
 .rodata.topic_imalive
                0x0002ca3c       0x11 _build/main.o
 *fill*         0x0002ca4d        0x3 
 .rodata.m_pir1_state_on
                0x0002ca50        0x2 _build/main.o
 *fill*         0x0002ca52        0x2 
 .rodata.m_pir1_state_off
                0x0002ca54        0x2 _build/main.o
 *fill*         0x0002ca56        0x2 
 .rodata        0x0002ca58      0x24a _build/main.o
 *fill*         0x0002cca2        0x2 
 .rodata        0x0002cca4        0xc _build/nrf_log.o
 .rodata.cst2   0x0002ccb0        0x2 external/lwip/lib/liblwip.a(pbuf.o)
 *fill*         0x0002ccb2        0x2 
 .rodata.pbuf_alloc
                0x0002ccb4       0x14 external/lwip/lib/liblwip.a(pbuf.o)
 .rodata.tcp_close_shutdown
                0x0002ccc8       0x20 external/lwip/lib/liblwip.a(tcp.o)
 .rodata.tcp_close
                0x0002cce8       0x20 external/lwip/lib/liblwip.a(tcp.o)
 .rodata.tcp_pcb_lists
                0x0002cd08       0x10 external/lwip/lib/liblwip.a(tcp.o)
                0x0002cd08                tcp_pcb_lists
 .rodata.tcp_backoff
                0x0002cd18       0x10 external/lwip/lib/liblwip.a(tcp.o)
                0x0002cd18                tcp_backoff
 .rodata.tcp_persist_backoff
                0x0002cd28        0x8 external/lwip/lib/liblwip.a(tcp.o)
                0x0002cd28                tcp_persist_backoff
 .rodata.tcp_input
                0x0002cd30       0x28 external/lwip/lib/liblwip.a(tcp_in.o)
 .rodata.ip_addr_any
                0x0002cd58        0x4 external/lwip/lib/liblwip.a(ip4_addr.o)
                0x0002cd58                ip_addr_any
 .rodata.ip6_addr_any
                0x0002cd5c       0x10 external/lwip/lib/liblwip.a(ip6_addr.o)
                0x0002cd5c                ip6_addr_any
 .rodata.nd6_tmr
                0x0002cd6c       0x18 external/lwip/lib/liblwip.a(nd6.o)
 .rodata.memp_sizes
                0x0002cd84       0x14 external/lwip/lib/liblwip.a(memp.o)
                0x0002cd84                memp_sizes
 .rodata.m_link_local_16_middle
                0x0002cd98        0x4 components/iot/ble_6lowpan/lib/ble_6lowpan.a(ble_6lowpan.o)
 .rodata.m_link_local_prefix
                0x0002cd9c        0x4 components/iot/ble_6lowpan/lib/ble_6lowpan.a(ble_6lowpan.o)
 .rodata.m_hop_limit
                0x0002cda0        0x4 components/iot/ble_6lowpan/lib/ble_6lowpan.a(ble_6lowpan.o)
 .rodata.__sf_fake_stdin
                0x0002cda4       0x20 /usr/local/gcc-arm-none-eabi-5_2-2015q4/bin/../lib/gcc/arm-none-eabi/5.2.1/../../../../arm-none-eabi/lib/armv6-m/libc_nano.a(lib_a-findfp.o)
                0x0002cda4                __sf_fake_stdin
 .rodata.__sf_fake_stdout
                0x0002cdc4       0x20 /usr/local/gcc-arm-none-eabi-5_2-2015q4/bin/../lib/gcc/arm-none-eabi/5.2.1/../../../../arm-none-eabi/lib/armv6-m/libc_nano.a(lib_a-findfp.o)
                0x0002cdc4                __sf_fake_stdout
 .rodata.__sf_fake_stderr
                0x0002cde4       0x20 /usr/local/gcc-arm-none-eabi-5_2-2015q4/bin/../lib/gcc/arm-none-eabi/5.2.1/../../../../arm-none-eabi/lib/armv6-m/libc_nano.a(lib_a-findfp.o)
                0x0002cde4                __sf_fake_stderr
 .rodata.str1.1
                0x0002ce04       0x11 /usr/local/gcc-arm-none-eabi-5_2-2015q4/bin/../lib/gcc/arm-none-eabi/5.2.1/../../../../arm-none-eabi/lib/armv6-m/libc_nano.a(lib_a-nano-vfprintf.o)
 .rodata.str1.1
                0x0002ce15       0x22 /usr/local/gcc-arm-none-eabi-5_2-2015q4/bin/../lib/gcc/arm-none-eabi/5.2.1/../../../../arm-none-eabi/lib/armv6-m/libc_nano.a(lib_a-nano-vfprintf_i.o)
 *(.eh_frame*)
                0x0002ce38                . = ALIGN (0x4)
 *fill*         0x0002ce37        0x1 

.glue_7         0x0002ce38        0x0
 .glue_7        0x0002ce38        0x0 linker stubs

.glue_7t        0x0002ce38        0x0
 .glue_7t       0x0002ce38        0x0 linker stubs

.vfp11_veneer   0x0002ce38        0x0
 .vfp11_veneer  0x0002ce38        0x0 linker stubs

.v4_bx          0x0002ce38        0x0
 .v4_bx         0x0002ce38        0x0 linker stubs

.iplt           0x0002ce38        0x0
 .iplt          0x0002ce38        0x0 /usr/local/gcc-arm-none-eabi-5_2-2015q4/bin/../lib/gcc/arm-none-eabi/5.2.1/armv6-m/crtbegin.o

.ARM.extab      0x0002ce38        0x0
 *(.ARM.extab* .gnu.linkonce.armextab.*)
                0x0002ce38                . = ALIGN (0x4)
                0x0002ce38                __exidx_start = .

.ARM.exidx      0x0002ce38        0x8
 *(.ARM.exidx* .gnu.linkonce.armexidx.*)
 .ARM.exidx     0x0002ce38        0x8 /usr/local/gcc-arm-none-eabi-5_2-2015q4/bin/../lib/gcc/arm-none-eabi/5.2.1/../../../../arm-none-eabi/lib/armv6-m/crt0.o
 .ARM.exidx     0x0002ce40        0x0 _build/gcc_startup_nrf51.o
                                  0x8 (size before relaxing)
                0x0002ce40                . = ALIGN (0x4)
                0x0002ce40                __exidx_end = .
                0x0002ce40                __etext = .

.rel.dyn        0x0002ce40        0x0
 .rel.iplt      0x0002ce40        0x0 /usr/local/gcc-arm-none-eabi-5_2-2015q4/bin/../lib/gcc/arm-none-eabi/5.2.1/armv6-m/crtbegin.o

.data           0x20002000       0x74 load address 0x0002ce40
                0x20002000                __data_start__ = .
 *(vtable)
 *(.data*)
 .data.impure_data
                0x20002000       0x60 /usr/local/gcc-arm-none-eabi-5_2-2015q4/bin/../lib/gcc/arm-none-eabi/5.2.1/../../../../arm-none-eabi/lib/armv6-m/libc_nano.a(lib_a-impure.o)
 .data._impure_ptr
                0x20002060        0x4 /usr/local/gcc-arm-none-eabi-5_2-2015q4/bin/../lib/gcc/arm-none-eabi/5.2.1/../../../../arm-none-eabi/lib/armv6-m/libc_nano.a(lib_a-impure.o)
                0x20002060                _impure_ptr
 .data.m_instance_counter
                0x20002064        0x1 _build/app_uart_fifo.o
 *fill*         0x20002065        0x1 
 .data.tcp_port
                0x20002066        0x2 external/lwip/lib/liblwip.a(tcp.o)
 .data.iss.7409
                0x20002068        0x4 external/lwip/lib/liblwip.a(tcp.o)
 .data.retrans_timer
                0x2000206c        0x4 external/lwip/lib/liblwip.a(nd6.o)
                0x2000206c                retrans_timer
 .data.reachable_time
                0x20002070        0x4 external/lwip/lib/liblwip.a(nd6.o)
                0x20002070                reachable_time
                0x20002074                . = ALIGN (0x4)
                0x20002074                PROVIDE (__preinit_array_start, .)
 *(.preinit_array)
                0x20002074                PROVIDE (__preinit_array_end, .)
                0x20002074                . = ALIGN (0x4)
                0x20002074                PROVIDE (__init_array_start, .)
 *(SORT(.init_array.*))
 *(.init_array)
                0x20002074                PROVIDE (__init_array_end, .)
                0x20002074                . = ALIGN (0x4)
                [!provide]                PROVIDE (__fini_array_start, .)
 *(SORT(.fini_array.*))
 *(.fini_array)
                [!provide]                PROVIDE (__fini_array_end, .)
 *(.jcr)
                0x20002074                . = ALIGN (0x4)
                0x20002074                __data_end__ = .

.igot.plt       0x20002074        0x0 load address 0x0002ceb4
 .igot.plt      0x20002074        0x0 /usr/local/gcc-arm-none-eabi-5_2-2015q4/bin/../lib/gcc/arm-none-eabi/5.2.1/armv6-m/crtbegin.o

.bss            0x20002074     0x3be4 load address 0x0002ceb4
                0x20002074                . = ALIGN (0x4)
                0x20002074                __bss_start__ = .
 *(.bss*)
 .bss.m_queue_event_headers
                0x20002074        0x4 _build/app_scheduler.o
 .bss.m_queue_event_data
                0x20002078        0x4 _build/app_scheduler.o
 .bss.m_queue_start_index
                0x2000207c        0x1 _build/app_scheduler.o
 .bss.m_queue_end_index
                0x2000207d        0x1 _build/app_scheduler.o
 .bss.m_queue_event_size
                0x2000207e        0x2 _build/app_scheduler.o
 .bss.m_queue_size
                0x20002080        0x2 _build/app_scheduler.o
 .bss.m_node_array_size
                0x20002082        0x1 _build/app_timer.o
 *fill*         0x20002083        0x1 
 .bss.mp_nodes  0x20002084        0x4 _build/app_timer.o
 .bss.m_user_array_size
                0x20002088        0x1 _build/app_timer.o
 *fill*         0x20002089        0x3 
 .bss.mp_users  0x2000208c        0x4 _build/app_timer.o
 .bss.m_timer_id_head
                0x20002090        0x4 _build/app_timer.o
 .bss.m_ticks_latest
                0x20002094        0x4 _build/app_timer.o
 .bss.m_ticks_elapsed
                0x20002098        0x8 _build/app_timer.o
 .bss.m_ticks_elapsed_q_read_ind
                0x200020a0        0x1 _build/app_timer.o
 .bss.m_ticks_elapsed_q_write_ind
                0x200020a1        0x1 _build/app_timer.o
 *fill*         0x200020a2        0x2 
 .bss.m_evt_schedule_func
                0x200020a4        0x4 _build/app_timer.o
 .bss.m_rtc1_running
                0x200020a8        0x1 _build/app_timer.o
 .bss.m_rtc1_reset
                0x200020a9        0x1 _build/app_timer.o
 *fill*         0x200020aa        0x2 
 .bss.m_memory  0x200020ac     0x1400 _build/mem_manager.o
 .bss.m_mem_pool
                0x200034ac       0x78 _build/mem_manager.o
 .bss.m_module_initialized
                0x20003524        0x1 _build/mem_manager.o
 *fill*         0x20003525        0x3 
 .bss.mqtt_client
                0x20003528       0x2c _build/mqtt.o
 .bss.m_packet  0x20003554      0x380 _build/mqtt.o
 .bss.m_rx_fifo
                0x200038d4       0x10 _build/app_uart_fifo.o
 .bss.m_tx_fifo
                0x200038e4       0x10 _build/app_uart_fifo.o
 .bss.m_event_handler
                0x200038f4        0x4 _build/app_uart_fifo.o
 .bss.m_current_state
                0x200038f8        0x1 _build/app_uart_fifo.o
 *fill*         0x200038f9        0x3 
 .bss.m_cb      0x200038fc       0x54 _build/nrf_drv_gpiote.o
 .bss.m_adv_params
                0x20003950       0x14 _build/main.o
 .bss.m_sys_timer_id
                0x20003964        0x4 _build/main.o
 .bss.m_mqtt_timer_id
                0x20003968        0x4 _build/main.o
 .bss.m_app_mqtt_id
                0x2000396c        0x4 _build/main.o
 .bss.hearbeat_timer
                0x20003970        0x4 _build/main.o
 .bss.m_pir1_state
                0x20003974        0x1 _build/main.o
 .bss.m_connection_state
                0x20003975        0x1 _build/main.o
 *fill*         0x20003976        0x2 
 .bss.BLE_EVT_BUFFER.8770
                0x20003978       0x48 _build/main.o
 .bss.APP_SCHED_BUF.8777
                0x200039c0      0x6e8 _build/main.o
 .bss.APP_TIMER_BUF.8804
                0x200040a8      0x1b0 _build/main.o
 .bss.initialized.6486
                0x20004258        0x1 _build/nrf_log.o
 *fill*         0x20004259        0x3 
 .bss.rx_buf.6491
                0x2000425c        0x1 _build/nrf_log.o
 *fill*         0x2000425d        0x3 
 .bss.tx_buf.6492
                0x20004260      0x200 _build/nrf_log.o
 .bss.m_initialization_state
                0x20004460        0x1 _build/iot_context_manager.o
 *fill*         0x20004461        0x3 
 .bss.m_context_table
                0x20004464      0x188 _build/iot_context_manager.o
 .bss.m_evt_schedule_func
                0x200045ec        0x4 _build/softdevice_handler.o
 .bss.m_softdevice_enabled
                0x200045f0        0x1 _build/softdevice_handler.o
 *fill*         0x200045f1        0x3 
 .bss.mp_ble_evt_buffer
                0x200045f4        0x4 _build/softdevice_handler.o
 .bss.m_ble_evt_buffer_size
                0x200045f8        0x2 _build/softdevice_handler.o
 *fill*         0x200045fa        0x2 
 .bss.m_ble_evt_handler
                0x200045fc        0x4 _build/softdevice_handler.o
 .bss.m_sys_evt_handler
                0x20004600        0x4 _build/softdevice_handler.o
 .bss.netif_num
                0x20004604        0x1 external/lwip/lib/liblwip.a(netif.o)
 .bss.tcp_timer
                0x20004605        0x1 external/lwip/lib/liblwip.a(tcp.o)
 .bss.tcp_timer_ctr
                0x20004606        0x1 external/lwip/lib/liblwip.a(tcp.o)
 *fill*         0x20004607        0x1 
 .bss.tcp_optidx
                0x20004608        0x2 external/lwip/lib/liblwip.a(tcp_in.o)
 *fill*         0x2000460a        0x2 
 .bss.seqno     0x2000460c        0x4 external/lwip/lib/liblwip.a(tcp_in.o)
 .bss.tcphdr_opt2
                0x20004610        0x4 external/lwip/lib/liblwip.a(tcp_in.o)
 .bss.tcplen    0x20004614        0x2 external/lwip/lib/liblwip.a(tcp_in.o)
 *fill*         0x20004616        0x2 
 .bss.ackno     0x20004618        0x4 external/lwip/lib/liblwip.a(tcp_in.o)
 .bss.flags     0x2000461c        0x1 external/lwip/lib/liblwip.a(tcp_in.o)
 .bss.recv_flags
                0x2000461d        0x1 external/lwip/lib/liblwip.a(tcp_in.o)
 *fill*         0x2000461e        0x2 
 .bss.tcphdr    0x20004620        0x4 external/lwip/lib/liblwip.a(tcp_in.o)
 .bss.recv_data
                0x20004624        0x4 external/lwip/lib/liblwip.a(tcp_in.o)
 .bss.tcphdr_opt1len
                0x20004628        0x2 external/lwip/lib/liblwip.a(tcp_in.o)
 *fill*         0x2000462a        0x2 
 .bss.inseg     0x2000462c       0x14 external/lwip/lib/liblwip.a(tcp_in.o)
 .bss.tcpip_tcp_timer_active
                0x20004640        0x4 external/lwip/lib/liblwip.a(timers.o)
 .bss.timeouts_last_time
                0x20004644        0x4 external/lwip/lib/liblwip.a(timers.o)
 .bss.next_timeout
                0x20004648        0x4 external/lwip/lib/liblwip.a(timers.o)
 .bss.ip_id     0x2000464c        0x2 external/lwip/lib/liblwip.a(ip4.o)
 *fill*         0x2000464e        0x2 
 .bss.mld_group_list
                0x20004650        0x4 external/lwip/lib/liblwip.a(mld6.o)
 .bss.nd6_ra_buffer
                0x20004654       0x20 external/lwip/lib/liblwip.a(nd6.o)
 .bss.multicast_address
                0x20004674       0x10 external/lwip/lib/liblwip.a(nd6.o)
 .bss.last_router.7032
                0x20004684        0x1 external/lwip/lib/liblwip.a(nd6.o)
 *fill*         0x20004685        0x3 
 .bss.m_instances
                0x20004688       0xec components/iot/ble_6lowpan/lib/ble_6lowpan.a(ble_6lowpan.o)
 .bss.m_event_handler
                0x20004774        0x4 components/iot/ble_6lowpan/lib/ble_6lowpan.a(ble_6lowpan.o)
 .bss.m_ll_addr
                0x20004778        0x8 components/iot/ble_6lowpan/lib/ble_6lowpan.a(ble_6lowpan.o)
 .bss.m_channel
                0x20004780        0xc components/iot/ble_6lowpan/lib/ble_6lowpan.a(ble_ipsp.o)
 .bss.m_evt_handler
                0x2000478c        0x4 components/iot/ble_6lowpan/lib/ble_6lowpan.a(ble_ipsp.o)
 .bss.m_rx_buffer
                0x20004790     0x1000 components/iot/ble_6lowpan/lib/ble_6lowpan.a(ble_ipsp.o)
 .bss.__malloc_sbrk_start
                0x20005790        0x4 /usr/local/gcc-arm-none-eabi-5_2-2015q4/bin/../lib/gcc/arm-none-eabi/5.2.1/../../../../arm-none-eabi/lib/armv6-m/libc_nano.a(lib_a-nano-mallocr.o)
                0x20005790                __malloc_sbrk_start
 .bss.__malloc_free_list
                0x20005794        0x4 /usr/local/gcc-arm-none-eabi-5_2-2015q4/bin/../lib/gcc/arm-none-eabi/5.2.1/../../../../arm-none-eabi/lib/armv6-m/libc_nano.a(lib_a-nano-mallocr.o)
                0x20005794                __malloc_free_list
 .bss.heap_end.4167
                0x20005798        0x4 /usr/local/gcc-arm-none-eabi-5_2-2015q4/bin/../lib/gcc/arm-none-eabi/5.2.1/../../../../arm-none-eabi/lib/armv6-m/libnosys.a(sbrk.o)
 *(COMMON)
 COMMON         0x2000579c       0x7c _build/nrf_platform_port.o
                0x2000579c                m_blenetif_table
 COMMON         0x20005818        0x8 _build/main.o
                0x20005818                eui64_local_iid
 COMMON         0x20005820        0x8 external/lwip/lib/liblwip.a(netif.o)
                0x20005820                netif_list
                0x20005824                netif_default
 COMMON         0x20005828        0x1 external/lwip/lib/liblwip.a(pbuf.o)
                0x20005828                pbuf_free_ooseq_pending
 *fill*         0x20005829        0x3 
 COMMON         0x2000582c       0x1c external/lwip/lib/liblwip.a(tcp.o)
                0x2000582c                tcp_active_pcbs_changed
                0x20005830                tcp_active_pcbs
                0x20005834                tcp_ticks
                0x20005838                tcp_listen_pcbs
                0x2000583c                tcp_tmp_pcb
                0x20005840                tcp_bound_pcbs
                0x20005844                tcp_tw_pcbs
 COMMON         0x20005848        0x4 external/lwip/lib/liblwip.a(tcp_in.o)
                0x20005848                tcp_input_pcb
 COMMON         0x2000584c        0x4 external/lwip/lib/liblwip.a(udp.o)
                0x2000584c                udp_pcbs
 COMMON         0x20005850       0x34 external/lwip/lib/liblwip.a(ip4.o)
                0x20005850                ip_data
 COMMON         0x20005884      0x3d0 external/lwip/lib/liblwip.a(nd6.o)
                0x20005884                neighbor_cache
                0x20005a14                prefix_list
                0x20005aa0                destination_cache
                0x20005c30                default_router_list
 COMMON         0x20005c54        0x4 /usr/local/gcc-arm-none-eabi-5_2-2015q4/bin/../lib/gcc/arm-none-eabi/5.2.1/../../../../arm-none-eabi/lib/armv6-m/libc_nano.a(lib_a-reent.o)
                0x20005c54                errno
                0x20005c58                . = ALIGN (0x4)
                0x20005c58                __bss_end__ = .

.heap           0x20005c58      0x200
                0x20005c58                __end__ = .
                0x20005c58                end = __end__
 *(.heap*)
 .heap          0x20005c58      0x200 _build/gcc_startup_nrf51.o
                0x20005c58                __HeapBase
                0x20005e58                __HeapLimit = .

.stack_dummy    0x20005c58      0x800
 *(.stack*)
 .stack         0x20005c58      0x800 _build/gcc_startup_nrf51.o
                0x20008000                __StackTop = (ORIGIN (RAM) + LENGTH (RAM))
                0x20007800                __StackLimit = (__StackTop - SIZEOF (.stack_dummy))
                0x20008000                PROVIDE (__stack, __StackTop)
                0x00000001                ASSERT ((__StackLimit >= __HeapLimit), region RAM overflowed with stack)
OUTPUT(_build/nrf51422_xxac_s1xx_iot.out elf32-littlearm)

.ARM.attributes
                0x00000000       0x28
 .ARM.attributes
                0x00000000       0x1e /usr/local/gcc-arm-none-eabi-5_2-2015q4/bin/../lib/gcc/arm-none-eabi/5.2.1/armv6-m/crti.o
 .ARM.attributes
                0x0000001e       0x1b /usr/local/gcc-arm-none-eabi-5_2-2015q4/bin/../lib/gcc/arm-none-eabi/5.2.1/../../../../arm-none-eabi/lib/armv6-m/crt0.o
 .ARM.attributes
                0x00000039       0x2c /usr/local/gcc-arm-none-eabi-5_2-2015q4/bin/../lib/gcc/arm-none-eabi/5.2.1/../../../../arm-none-eabi/lib/armv6-m/libc_nano.a(lib_a-exit.o)
 .ARM.attributes
                0x00000065       0x2c /usr/local/gcc-arm-none-eabi-5_2-2015q4/bin/../lib/gcc/arm-none-eabi/5.2.1/../../../../arm-none-eabi/lib/armv6-m/libc_nano.a(lib_a-impure.o)
 .ARM.attributes
                0x00000091       0x2c /usr/local/gcc-arm-none-eabi-5_2-2015q4/bin/../lib/gcc/arm-none-eabi/5.2.1/../../../../arm-none-eabi/lib/armv6-m/libc_nano.a(lib_a-init.o)
 .ARM.attributes
                0x000000bd       0x2c /usr/local/gcc-arm-none-eabi-5_2-2015q4/bin/../lib/gcc/arm-none-eabi/5.2.1/../../../../arm-none-eabi/lib/armv6-m/libc_nano.a(lib_a-memset.o)
 .ARM.attributes
                0x000000e9       0x2c /usr/local/gcc-arm-none-eabi-5_2-2015q4/bin/../lib/gcc/arm-none-eabi/5.2.1/../../../../arm-none-eabi/lib/armv6-m/libnosys.a(_exit.o)
 .ARM.attributes
                0x00000115       0x31 _build/app_fifo.o
 .ARM.attributes
                0x00000146       0x31 _build/app_scheduler.o
 .ARM.attributes
                0x00000177       0x31 _build/app_timer.o
 .ARM.attributes
                0x000001a8       0x31 _build/app_timer_appsh.o
 .ARM.attributes
                0x000001d9       0x31 _build/mem_manager.o
 .ARM.attributes
                0x0000020a       0x31 _build/retarget.o
 .ARM.attributes
                0x0000023b       0x31 _build/mqtt.o
 .ARM.attributes
                0x0000026c       0x31 _build/nrf_platform_port.o
 .ARM.attributes
                0x0000029d       0x31 _build/app_uart_fifo.o
 .ARM.attributes
                0x000002ce       0x31 _build/nrf_drv_common.o
 .ARM.attributes
                0x000002ff       0x31 _build/nrf_drv_gpiote.o
 .ARM.attributes
                0x00000330       0x31 _build/main.o
 .ARM.attributes
                0x00000361       0x31 _build/nrf_log.o
 .ARM.attributes
                0x00000392       0x31 _build/ble_advdata.o
 .ARM.attributes
                0x000003c3       0x31 _build/iot_context_manager.o
 .ARM.attributes
                0x000003f4       0x31 _build/system_nrf51.o
 .ARM.attributes
                0x00000425       0x31 _build/softdevice_handler.o
 .ARM.attributes
                0x00000456       0x31 _build/softdevice_handler_appsh.o
 .ARM.attributes
                0x00000487       0x1b _build/gcc_startup_nrf51.o
 .ARM.attributes
                0x000004a2       0x31 external/lwip/lib/liblwip.a(init.o)
 .ARM.attributes
                0x000004d3       0x31 external/lwip/lib/liblwip.a(netif.o)
 .ARM.attributes
                0x00000504       0x31 external/lwip/lib/liblwip.a(pbuf.o)
 .ARM.attributes
                0x00000535       0x31 external/lwip/lib/liblwip.a(tcp.o)
 .ARM.attributes
                0x00000566       0x31 external/lwip/lib/liblwip.a(tcp_in.o)
 .ARM.attributes
                0x00000597       0x31 external/lwip/lib/liblwip.a(tcp_out.o)
 .ARM.attributes
                0x000005c8       0x31 external/lwip/lib/liblwip.a(timers.o)
 .ARM.attributes
                0x000005f9       0x31 external/lwip/lib/liblwip.a(udp.o)
 .ARM.attributes
                0x0000062a       0x31 external/lwip/lib/liblwip.a(icmp.o)
 .ARM.attributes
                0x0000065b       0x31 external/lwip/lib/liblwip.a(ip4.o)
 .ARM.attributes
                0x0000068c       0x31 external/lwip/lib/liblwip.a(ip4_addr.o)
 .ARM.attributes
                0x000006bd       0x31 external/lwip/lib/liblwip.a(icmp6.o)
 .ARM.attributes
                0x000006ee       0x31 external/lwip/lib/liblwip.a(ip6.o)
 .ARM.attributes
                0x0000071f       0x31 external/lwip/lib/liblwip.a(ip6_addr.o)
 .ARM.attributes
                0x00000750       0x31 external/lwip/lib/liblwip.a(mld6.o)
 .ARM.attributes
                0x00000781       0x31 external/lwip/lib/liblwip.a(nd6.o)
 .ARM.attributes
                0x000007b2       0x31 external/lwip/lib/liblwip.a(def.o)
 .ARM.attributes
                0x000007e3       0x31 external/lwip/lib/liblwip.a(inet_chksum.o)
 .ARM.attributes
                0x00000814       0x31 external/lwip/lib/liblwip.a(memp.o)
 .ARM.attributes
                0x00000845       0x31 components/iot/ble_6lowpan/lib/ble_6lowpan.a(ble_6lowpan.o)
 .ARM.attributes
                0x00000876       0x31 components/iot/ble_6lowpan/lib/ble_6lowpan.a(ble_ipsp.o)
 .ARM.attributes
                0x000008a7       0x1e /usr/local/gcc-arm-none-eabi-5_2-2015q4/bin/../lib/gcc/arm-none-eabi/5.2.1/armv6-m/libgcc.a(_udivsi3.o)
 .ARM.attributes
                0x000008c5       0x1e /usr/local/gcc-arm-none-eabi-5_2-2015q4/bin/../lib/gcc/arm-none-eabi/5.2.1/armv6-m/libgcc.a(_divsi3.o)
 .ARM.attributes
                0x000008e3       0x1e /usr/local/gcc-arm-none-eabi-5_2-2015q4/bin/../lib/gcc/arm-none-eabi/5.2.1/armv6-m/libgcc.a(_dvmd_tls.o)
 .ARM.attributes
                0x00000901       0x2c /usr/local/gcc-arm-none-eabi-5_2-2015q4/bin/../lib/gcc/arm-none-eabi/5.2.1/../../../../arm-none-eabi/lib/armv6-m/libc_nano.a(lib_a-memcmp.o)
 .ARM.attributes
                0x0000092d       0x2c /usr/local/gcc-arm-none-eabi-5_2-2015q4/bin/../lib/gcc/arm-none-eabi/5.2.1/../../../../arm-none-eabi/lib/armv6-m/libc_nano.a(lib_a-memcpy-stub.o)
 .ARM.attributes
                0x00000959       0x1c /usr/local/gcc-arm-none-eabi-5_2-2015q4/bin/../lib/gcc/arm-none-eabi/5.2.1/../../../../arm-none-eabi/lib/armv6-m/libc_nano.a(lib_a-strlen.o)
 .ARM.attributes
                0x00000975       0x2c /usr/local/gcc-arm-none-eabi-5_2-2015q4/bin/../lib/gcc/arm-none-eabi/5.2.1/../../../../arm-none-eabi/lib/armv6-m/libc_nano.a(lib_a-vprintf.o)
 .ARM.attributes
                0x000009a1       0x2c /usr/local/gcc-arm-none-eabi-5_2-2015q4/bin/../lib/gcc/arm-none-eabi/5.2.1/../../../../arm-none-eabi/lib/armv6-m/libc_nano.a(lib_a-findfp.o)
 .ARM.attributes
                0x000009cd       0x2c /usr/local/gcc-arm-none-eabi-5_2-2015q4/bin/../lib/gcc/arm-none-eabi/5.2.1/../../../../arm-none-eabi/lib/armv6-m/libc_nano.a(lib_a-fwalk.o)
 .ARM.attributes
                0x000009f9       0x2c /usr/local/gcc-arm-none-eabi-5_2-2015q4/bin/../lib/gcc/arm-none-eabi/5.2.1/../../../../arm-none-eabi/lib/armv6-m/libc_nano.a(lib_a-nano-mallocr.o)
 .ARM.attributes
                0x00000a25       0x2c /usr/local/gcc-arm-none-eabi-5_2-2015q4/bin/../lib/gcc/arm-none-eabi/5.2.1/../../../../arm-none-eabi/lib/armv6-m/libc_nano.a(lib_a-nano-vfprintf.o)
 .ARM.attributes
                0x00000a51       0x2c /usr/local/gcc-arm-none-eabi-5_2-2015q4/bin/../lib/gcc/arm-none-eabi/5.2.1/../../../../arm-none-eabi/lib/armv6-m/libc_nano.a(lib_a-nano-vfprintf_i.o)
 .ARM.attributes
                0x00000a7d       0x2c /usr/local/gcc-arm-none-eabi-5_2-2015q4/bin/../lib/gcc/arm-none-eabi/5.2.1/../../../../arm-none-eabi/lib/armv6-m/libc_nano.a(lib_a-sbrkr.o)
 .ARM.attributes
                0x00000aa9       0x2c /usr/local/gcc-arm-none-eabi-5_2-2015q4/bin/../lib/gcc/arm-none-eabi/5.2.1/../../../../arm-none-eabi/lib/armv6-m/libc_nano.a(lib_a-stdio.o)
 .ARM.attributes
                0x00000ad5       0x2c /usr/local/gcc-arm-none-eabi-5_2-2015q4/bin/../lib/gcc/arm-none-eabi/5.2.1/../../../../arm-none-eabi/lib/armv6-m/libc_nano.a(lib_a-wbuf.o)
 .ARM.attributes
                0x00000b01       0x2c /usr/local/gcc-arm-none-eabi-5_2-2015q4/bin/../lib/gcc/arm-none-eabi/5.2.1/../../../../arm-none-eabi/lib/armv6-m/libc_nano.a(lib_a-writer.o)
 .ARM.attributes
                0x00000b2d       0x2c /usr/local/gcc-arm-none-eabi-5_2-2015q4/bin/../lib/gcc/arm-none-eabi/5.2.1/../../../../arm-none-eabi/lib/armv6-m/libc_nano.a(lib_a-wsetup.o)
 .ARM.attributes
                0x00000b59       0x2c /usr/local/gcc-arm-none-eabi-5_2-2015q4/bin/../lib/gcc/arm-none-eabi/5.2.1/../../../../arm-none-eabi/lib/armv6-m/libc_nano.a(lib_a-closer.o)
 .ARM.attributes
                0x00000b85       0x2c /usr/local/gcc-arm-none-eabi-5_2-2015q4/bin/../lib/gcc/arm-none-eabi/5.2.1/../../../../arm-none-eabi/lib/armv6-m/libc_nano.a(lib_a-fflush.o)
 .ARM.attributes
                0x00000bb1       0x2c /usr/local/gcc-arm-none-eabi-5_2-2015q4/bin/../lib/gcc/arm-none-eabi/5.2.1/../../../../arm-none-eabi/lib/armv6-m/libc_nano.a(lib_a-lseekr.o)
 .ARM.attributes
                0x00000bdd       0x2c /usr/local/gcc-arm-none-eabi-5_2-2015q4/bin/../lib/gcc/arm-none-eabi/5.2.1/../../../../arm-none-eabi/lib/armv6-m/libc_nano.a(lib_a-makebuf.o)
 .ARM.attributes
                0x00000c09       0x2c /usr/local/gcc-arm-none-eabi-5_2-2015q4/bin/../lib/gcc/arm-none-eabi/5.2.1/../../../../arm-none-eabi/lib/armv6-m/libc_nano.a(lib_a-memchr-stub.o)
 .ARM.attributes
                0x00000c35       0x2c /usr/local/gcc-arm-none-eabi-5_2-2015q4/bin/../lib/gcc/arm-none-eabi/5.2.1/../../../../arm-none-eabi/lib/armv6-m/libc_nano.a(lib_a-nano-freer.o)
 .ARM.attributes
                0x00000c61       0x2c /usr/local/gcc-arm-none-eabi-5_2-2015q4/bin/../lib/gcc/arm-none-eabi/5.2.1/../../../../arm-none-eabi/lib/armv6-m/libc_nano.a(lib_a-readr.o)
 .ARM.attributes
                0x00000c8d       0x2c /usr/local/gcc-arm-none-eabi-5_2-2015q4/bin/../lib/gcc/arm-none-eabi/5.2.1/../../../../arm-none-eabi/lib/armv6-m/libc_nano.a(lib_a-reent.o)
 .ARM.attributes
                0x00000cb9       0x2c /usr/local/gcc-arm-none-eabi-5_2-2015q4/bin/../lib/gcc/arm-none-eabi/5.2.1/../../../../arm-none-eabi/lib/armv6-m/libc_nano.a(lib_a-fstatr.o)
 .ARM.attributes
                0x00000ce5       0x2c /usr/local/gcc-arm-none-eabi-5_2-2015q4/bin/../lib/gcc/arm-none-eabi/5.2.1/../../../../arm-none-eabi/lib/armv6-m/libc_nano.a(lib_a-isattyr.o)
 .ARM.attributes
                0x00000d11       0x1e /usr/local/gcc-arm-none-eabi-5_2-2015q4/bin/../lib/gcc/arm-none-eabi/5.2.1/armv6-m/crtn.o
 .ARM.attributes
                0x00000d2f       0x2c /usr/local/gcc-arm-none-eabi-5_2-2015q4/bin/../lib/gcc/arm-none-eabi/5.2.1/../../../../arm-none-eabi/lib/armv6-m/libnosys.a(close.o)
 .ARM.attributes
                0x00000d5b       0x2c /usr/local/gcc-arm-none-eabi-5_2-2015q4/bin/../lib/gcc/arm-none-eabi/5.2.1/../../../../arm-none-eabi/lib/armv6-m/libnosys.a(fstat.o)
 .ARM.attributes
                0x00000d87       0x2c /usr/local/gcc-arm-none-eabi-5_2-2015q4/bin/../lib/gcc/arm-none-eabi/5.2.1/../../../../arm-none-eabi/lib/armv6-m/libnosys.a(isatty.o)
 .ARM.attributes
                0x00000db3       0x2c /usr/local/gcc-arm-none-eabi-5_2-2015q4/bin/../lib/gcc/arm-none-eabi/5.2.1/../../../../arm-none-eabi/lib/armv6-m/libnosys.a(lseek.o)
 .ARM.attributes
                0x00000ddf       0x2c /usr/local/gcc-arm-none-eabi-5_2-2015q4/bin/../lib/gcc/arm-none-eabi/5.2.1/../../../../arm-none-eabi/lib/armv6-m/libnosys.a(sbrk.o)

.comment        0x00000000       0xde
 .comment       0x00000000       0x6e _build/app_fifo.o
                                 0x6f (size before relaxing)
 .comment       0x0000006e       0x6f _build/app_scheduler.o
 .comment       0x0000006e       0x6f _build/app_timer.o
 .comment       0x0000006e       0x6f _build/app_timer_appsh.o
 .comment       0x0000006e       0x6f _build/mem_manager.o
 .comment       0x0000006e       0x6f _build/retarget.o
 .comment       0x0000006e       0x6f _build/mqtt.o
 .comment       0x0000006e       0x6f _build/nrf_platform_port.o
 .comment       0x0000006e       0x6f _build/app_uart_fifo.o
 .comment       0x0000006e       0x6f _build/nrf_drv_common.o
 .comment       0x0000006e       0x6f _build/nrf_drv_gpiote.o
 .comment       0x0000006e       0x6f _build/main.o
 .comment       0x0000006e       0x6f _build/nrf_log.o
 .comment       0x0000006e       0x6f _build/ble_advdata.o
 .comment       0x0000006e       0x6f _build/iot_context_manager.o
 .comment       0x0000006e       0x6f _build/system_nrf51.o
 .comment       0x0000006e       0x6f _build/softdevice_handler.o
 .comment       0x0000006e       0x6f _build/softdevice_handler_appsh.o
 .comment       0x0000006e       0x70 external/lwip/lib/liblwip.a(init.o)
                                 0x71 (size before relaxing)
 .comment       0x000000de       0x71 external/lwip/lib/liblwip.a(netif.o)
 .comment       0x000000de       0x71 external/lwip/lib/liblwip.a(pbuf.o)
 .comment       0x000000de       0x71 external/lwip/lib/liblwip.a(tcp.o)
 .comment       0x000000de       0x71 external/lwip/lib/liblwip.a(tcp_in.o)
 .comment       0x000000de       0x71 external/lwip/lib/liblwip.a(tcp_out.o)
 .comment       0x000000de       0x71 external/lwip/lib/liblwip.a(timers.o)
 .comment       0x000000de       0x71 external/lwip/lib/liblwip.a(udp.o)
 .comment       0x000000de       0x71 external/lwip/lib/liblwip.a(icmp.o)
 .comment       0x000000de       0x71 external/lwip/lib/liblwip.a(ip4.o)
 .comment       0x000000de       0x71 external/lwip/lib/liblwip.a(ip4_addr.o)
 .comment       0x000000de       0x71 external/lwip/lib/liblwip.a(icmp6.o)
 .comment       0x000000de       0x71 external/lwip/lib/liblwip.a(ip6.o)
 .comment       0x000000de       0x71 external/lwip/lib/liblwip.a(ip6_addr.o)
 .comment       0x000000de       0x71 external/lwip/lib/liblwip.a(mld6.o)
 .comment       0x000000de       0x71 external/lwip/lib/liblwip.a(nd6.o)
 .comment       0x000000de       0x71 external/lwip/lib/liblwip.a(def.o)
 .comment       0x000000de       0x71 external/lwip/lib/liblwip.a(inet_chksum.o)
 .comment       0x000000de       0x71 external/lwip/lib/liblwip.a(memp.o)
 .comment       0x000000de       0x71 components/iot/ble_6lowpan/lib/ble_6lowpan.a(ble_6lowpan.o)
 .comment       0x000000de       0x71 components/iot/ble_6lowpan/lib/ble_6lowpan.a(ble_ipsp.o)

.debug_frame    0x00000000      0x828
 .debug_frame   0x00000000       0x28 /usr/local/gcc-arm-none-eabi-5_2-2015q4/bin/../lib/gcc/arm-none-eabi/5.2.1/../../../../arm-none-eabi/lib/armv6-m/libc_nano.a(lib_a-exit.o)
 .debug_frame   0x00000028       0x2c /usr/local/gcc-arm-none-eabi-5_2-2015q4/bin/../lib/gcc/arm-none-eabi/5.2.1/../../../../arm-none-eabi/lib/armv6-m/libc_nano.a(lib_a-init.o)
 .debug_frame   0x00000054       0x20 /usr/local/gcc-arm-none-eabi-5_2-2015q4/bin/../lib/gcc/arm-none-eabi/5.2.1/../../../../arm-none-eabi/lib/armv6-m/libc_nano.a(lib_a-memset.o)
 .debug_frame   0x00000074       0x20 /usr/local/gcc-arm-none-eabi-5_2-2015q4/bin/../lib/gcc/arm-none-eabi/5.2.1/../../../../arm-none-eabi/lib/armv6-m/libnosys.a(_exit.o)
 .debug_frame   0x00000094       0x20 /usr/local/gcc-arm-none-eabi-5_2-2015q4/bin/../lib/gcc/arm-none-eabi/5.2.1/armv6-m/libgcc.a(_udivsi3.o)
 .debug_frame   0x000000b4       0x20 /usr/local/gcc-arm-none-eabi-5_2-2015q4/bin/../lib/gcc/arm-none-eabi/5.2.1/armv6-m/libgcc.a(_divsi3.o)
 .debug_frame   0x000000d4       0x2c /usr/local/gcc-arm-none-eabi-5_2-2015q4/bin/../lib/gcc/arm-none-eabi/5.2.1/../../../../arm-none-eabi/lib/armv6-m/libc_nano.a(lib_a-memcmp.o)
 .debug_frame   0x00000100       0x28 /usr/local/gcc-arm-none-eabi-5_2-2015q4/bin/../lib/gcc/arm-none-eabi/5.2.1/../../../../arm-none-eabi/lib/armv6-m/libc_nano.a(lib_a-memcpy-stub.o)
 .debug_frame   0x00000128       0x48 /usr/local/gcc-arm-none-eabi-5_2-2015q4/bin/../lib/gcc/arm-none-eabi/5.2.1/../../../../arm-none-eabi/lib/armv6-m/libc_nano.a(lib_a-vprintf.o)
 .debug_frame   0x00000170      0x140 /usr/local/gcc-arm-none-eabi-5_2-2015q4/bin/../lib/gcc/arm-none-eabi/5.2.1/../../../../arm-none-eabi/lib/armv6-m/libc_nano.a(lib_a-findfp.o)
 .debug_frame   0x000002b0       0x58 /usr/local/gcc-arm-none-eabi-5_2-2015q4/bin/../lib/gcc/arm-none-eabi/5.2.1/../../../../arm-none-eabi/lib/armv6-m/libc_nano.a(lib_a-fwalk.o)